Archive member included to satisfy reference by file (symbol)

C:/ST/STM32CubeCLT_1.17.0/GNU-tools-for-STM32/bin/../lib/gcc/arm-none-eabi/12.3.1/../../../../arm-none-eabi/lib/thumb/v7e-m+fp/hard\libc_nano.a(libc_a-exit.o)
                              C:/ST/STM32CubeCLT_1.17.0/GNU-tools-for-STM32/bin/../lib/gcc/arm-none-eabi/12.3.1/../../../../arm-none-eabi/lib/thumb/v7e-m+fp/hard/crt0.o (exit)
C:/ST/STM32CubeCLT_1.17.0/GNU-tools-for-STM32/bin/../lib/gcc/arm-none-eabi/12.3.1/../../../../arm-none-eabi/lib/thumb/v7e-m+fp/hard\libc_nano.a(libc_a-findfp.o)
                              C:/ST/STM32CubeCLT_1.17.0/GNU-tools-for-STM32/bin/../lib/gcc/arm-none-eabi/12.3.1/../../../../arm-none-eabi/lib/thumb/v7e-m+fp/hard\libc_nano.a(libc_a-exit.o) (__stdio_exit_handler)
C:/ST/STM32CubeCLT_1.17.0/GNU-tools-for-STM32/bin/../lib/gcc/arm-none-eabi/12.3.1/../../../../arm-none-eabi/lib/thumb/v7e-m+fp/hard\libc_nano.a(libc_a-fwalk.o)
                              C:/ST/STM32CubeCLT_1.17.0/GNU-tools-for-STM32/bin/../lib/gcc/arm-none-eabi/12.3.1/../../../../arm-none-eabi/lib/thumb/v7e-m+fp/hard\libc_nano.a(libc_a-findfp.o) (_fwalk_sglue)
C:/ST/STM32CubeCLT_1.17.0/GNU-tools-for-STM32/bin/../lib/gcc/arm-none-eabi/12.3.1/../../../../arm-none-eabi/lib/thumb/v7e-m+fp/hard\libc_nano.a(libc_a-stdio.o)
                              C:/ST/STM32CubeCLT_1.17.0/GNU-tools-for-STM32/bin/../lib/gcc/arm-none-eabi/12.3.1/../../../../arm-none-eabi/lib/thumb/v7e-m+fp/hard\libc_nano.a(libc_a-findfp.o) (__sread)
C:/ST/STM32CubeCLT_1.17.0/GNU-tools-for-STM32/bin/../lib/gcc/arm-none-eabi/12.3.1/../../../../arm-none-eabi/lib/thumb/v7e-m+fp/hard\libc_nano.a(libc_a-memset.o)
                              C:/ST/STM32CubeCLT_1.17.0/GNU-tools-for-STM32/bin/../lib/gcc/arm-none-eabi/12.3.1/../../../../arm-none-eabi/lib/thumb/v7e-m+fp/hard/crt0.o (memset)
C:/ST/STM32CubeCLT_1.17.0/GNU-tools-for-STM32/bin/../lib/gcc/arm-none-eabi/12.3.1/../../../../arm-none-eabi/lib/thumb/v7e-m+fp/hard\libc_nano.a(libc_a-closer.o)
                              C:/ST/STM32CubeCLT_1.17.0/GNU-tools-for-STM32/bin/../lib/gcc/arm-none-eabi/12.3.1/../../../../arm-none-eabi/lib/thumb/v7e-m+fp/hard\libc_nano.a(libc_a-stdio.o) (_close_r)
C:/ST/STM32CubeCLT_1.17.0/GNU-tools-for-STM32/bin/../lib/gcc/arm-none-eabi/12.3.1/../../../../arm-none-eabi/lib/thumb/v7e-m+fp/hard\libc_nano.a(libc_a-reent.o)
                              C:/ST/STM32CubeCLT_1.17.0/GNU-tools-for-STM32/bin/../lib/gcc/arm-none-eabi/12.3.1/../../../../arm-none-eabi/lib/thumb/v7e-m+fp/hard\libc_nano.a(libc_a-closer.o) (errno)
C:/ST/STM32CubeCLT_1.17.0/GNU-tools-for-STM32/bin/../lib/gcc/arm-none-eabi/12.3.1/../../../../arm-none-eabi/lib/thumb/v7e-m+fp/hard\libc_nano.a(libc_a-impure.o)
                              C:/ST/STM32CubeCLT_1.17.0/GNU-tools-for-STM32/bin/../lib/gcc/arm-none-eabi/12.3.1/../../../../arm-none-eabi/lib/thumb/v7e-m+fp/hard\libc_nano.a(libc_a-reent.o) (_impure_ptr)
C:/ST/STM32CubeCLT_1.17.0/GNU-tools-for-STM32/bin/../lib/gcc/arm-none-eabi/12.3.1/../../../../arm-none-eabi/lib/thumb/v7e-m+fp/hard\libc_nano.a(libc_a-lseekr.o)
                              C:/ST/STM32CubeCLT_1.17.0/GNU-tools-for-STM32/bin/../lib/gcc/arm-none-eabi/12.3.1/../../../../arm-none-eabi/lib/thumb/v7e-m+fp/hard\libc_nano.a(libc_a-stdio.o) (_lseek_r)
C:/ST/STM32CubeCLT_1.17.0/GNU-tools-for-STM32/bin/../lib/gcc/arm-none-eabi/12.3.1/../../../../arm-none-eabi/lib/thumb/v7e-m+fp/hard\libc_nano.a(libc_a-readr.o)
                              C:/ST/STM32CubeCLT_1.17.0/GNU-tools-for-STM32/bin/../lib/gcc/arm-none-eabi/12.3.1/../../../../arm-none-eabi/lib/thumb/v7e-m+fp/hard\libc_nano.a(libc_a-stdio.o) (_read_r)
C:/ST/STM32CubeCLT_1.17.0/GNU-tools-for-STM32/bin/../lib/gcc/arm-none-eabi/12.3.1/../../../../arm-none-eabi/lib/thumb/v7e-m+fp/hard\libc_nano.a(libc_a-writer.o)
                              C:/ST/STM32CubeCLT_1.17.0/GNU-tools-for-STM32/bin/../lib/gcc/arm-none-eabi/12.3.1/../../../../arm-none-eabi/lib/thumb/v7e-m+fp/hard\libc_nano.a(libc_a-stdio.o) (_write_r)
C:/ST/STM32CubeCLT_1.17.0/GNU-tools-for-STM32/bin/../lib/gcc/arm-none-eabi/12.3.1/../../../../arm-none-eabi/lib/thumb/v7e-m+fp/hard\libc_nano.a(libc_a-init.o)
                              C:/ST/STM32CubeCLT_1.17.0/GNU-tools-for-STM32/bin/../lib/gcc/arm-none-eabi/12.3.1/../../../../arm-none-eabi/lib/thumb/v7e-m+fp/hard/crt0.o (__libc_init_array)
C:/ST/STM32CubeCLT_1.17.0/GNU-tools-for-STM32/bin/../lib/gcc/arm-none-eabi/12.3.1/../../../../arm-none-eabi/lib/thumb/v7e-m+fp/hard\libc_nano.a(libc_a-lock.o)
                              C:/ST/STM32CubeCLT_1.17.0/GNU-tools-for-STM32/bin/../lib/gcc/arm-none-eabi/12.3.1/../../../../arm-none-eabi/lib/thumb/v7e-m+fp/hard\libc_nano.a(libc_a-findfp.o) (__retarget_lock_init_recursive)
C:/ST/STM32CubeCLT_1.17.0/GNU-tools-for-STM32/bin/../lib/gcc/arm-none-eabi/12.3.1/../../../../arm-none-eabi/lib/thumb/v7e-m+fp/hard\libc_nano.a(libc_a-freer.o)
[...]
Memory Configuration

Name             Origin             Length             Attributes
RAM              0x20000000         0x00020000         xrw
CCMRAM           0x10000000         0x00010000         xrw
FLASH            0x08000000         0x00100000         xr
*default*        0x00000000         0xffffffff

Linker script and memory map

LOAD C:/ST/STM32CubeCLT_1.17.0/GNU-tools-for-STM32/bin/../lib/gcc/arm-none-eabi/12.3.1/thumb/v7e-m+fp/hard/crti.o
LOAD C:/ST/STM32CubeCLT_1.17.0/GNU-tools-for-STM32/bin/../lib/gcc/arm-none-eabi/12.3.1/thumb/v7e-m+fp/hard/crtbegin.o
LOAD C:/ST/STM32CubeCLT_1.17.0/GNU-tools-for-STM32/bin/../lib/gcc/arm-none-eabi/12.3.1/../../../../arm-none-eabi/lib/thumb/v7e-m+fp/hard/crt0.o
START GROUP
LOAD C:/ST/STM32CubeCLT_1.17.0/GNU-tools-for-STM32/bin/../lib/gcc/arm-none-eabi/12.3.1/../../../../arm-none-eabi/lib/thumb/v7e-m+fp/hard\libc_nano.a
LOAD C:/ST/STM32CubeCLT_1.17.0/GNU-tools-for-STM32/bin/../lib/gcc/arm-none-eabi/12.3.1/../../../../arm-none-eabi/lib/thumb/v7e-m+fp/hard\libm.a
END GROUP
LOAD CMakeFiles/STM_Code.dir/Core/Src/main.c.obj
LOAD CMakeFiles/STM_Code.dir/Core/Src/stm32f4xx_it.c.obj
LOAD CMakeFiles/STM_Code.dir/Core/Src/stm32f4xx_hal_msp.c.obj
LOAD CMakeFiles/STM_Code.dir/Drivers/STM32F4xx_HAL_Driver/Src/stm32f4xx_hal_spi.c.obj
LOAD CMakeFiles/STM_Code.dir/Drivers/STM32F4xx_HAL_Driver/Src/stm32f4xx_hal_rcc.c.obj
LOAD CMakeFiles/STM_Code.dir/Drivers/STM32F4xx_HAL_Driver/Src/stm32f4xx_hal_rcc_ex.c.obj
LOAD CMakeFiles/STM_Code.dir/Drivers/STM32F4xx_HAL_Driver/Src/stm32f4xx_hal_flash.c.obj
LOAD CMakeFiles/STM_Code.dir/Drivers/STM32F4xx_HAL_Driver/Src/stm32f4xx_hal_flash_ex.c.obj
LOAD CMakeFiles/STM_Code.dir/Drivers/STM32F4xx_HAL_Driver/Src/stm32f4xx_hal_flash_ramfunc.c.obj
LOAD CMakeFiles/STM_Code.dir/Drivers/STM32F4xx_HAL_Driver/Src/stm32f4xx_hal_gpio.c.obj
LOAD CMakeFiles/STM_Code.dir/Drivers/STM32F4xx_HAL_Driver/Src/stm32f4xx_hal_dma_ex.c.obj
LOAD CMakeFiles/STM_Code.dir/Drivers/STM32F4xx_HAL_Driver/Src/stm32f4xx_hal_dma.c.obj
LOAD CMakeFiles/STM_Code.dir/Drivers/STM32F4xx_HAL_Driver/Src/stm32f4xx_hal_pwr.c.obj
LOAD CMakeFiles/STM_Code.dir/Drivers/STM32F4xx_HAL_Driver/Src/stm32f4xx_hal_pwr_ex.c.obj
LOAD CMakeFiles/STM_Code.dir/Drivers/STM32F4xx_HAL_Driver/Src/stm32f4xx_hal_cortex.c.obj
LOAD CMakeFiles/STM_Code.dir/Drivers/STM32F4xx_HAL_Driver/Src/stm32f4xx_hal.c.obj
LOAD CMakeFiles/STM_Code.dir/Drivers/STM32F4xx_HAL_Driver/Src/stm32f4xx_hal_exti.c.obj
LOAD CMakeFiles/STM_Code.dir/Core/Src/system_stm32f4xx.c.obj
LOAD CMakeFiles/STM_Code.dir/Core/Src/sysmem.c.obj
LOAD CMakeFiles/STM_Code.dir/Core/Src/syscalls.c.obj
LOAD CMakeFiles/STM_Code.dir/startup_stm32f407xx.s.obj
START GROUP
LOAD C:/ST/STM32CubeCLT_1.17.0/GNU-tools-for-STM32/bin/../lib/gcc/arm-none-eabi/12.3.1/thumb/v7e-m+fp/hard\libgcc.a
LOAD C:/ST/STM32CubeCLT_1.17.0/GNU-tools-for-STM32/bin/../lib/gcc/arm-none-eabi/12.3.1/../../../../arm-none-eabi/lib/thumb/v7e-m+fp/hard\libg_nano.a
LOAD C:/ST/STM32CubeCLT_1.17.0/GNU-tools-for-STM32/bin/../lib/gcc/arm-none-eabi/12.3.1/../../../../arm-none-eabi/lib/thumb/v7e-m+fp/hard\libc_nano.a
END GROUP
START GROUP
LOAD C:/ST/STM32CubeCLT_1.17.0/GNU-tools-for-STM32/bin/../lib/gcc/arm-none-eabi/12.3.1/thumb/v7e-m+fp/hard\libgcc.a
LOAD C:/ST/STM32CubeCLT_1.17.0/GNU-tools-for-STM32/bin/../lib/gcc/arm-none-eabi/12.3.1/../../../../arm-none-eabi/lib/thumb/v7e-m+fp/hard\libc_nano.a
END GROUP
LOAD C:/ST/STM32CubeCLT_1.17.0/GNU-tools-for-STM32/bin/../lib/gcc/arm-none-eabi/12.3.1/thumb/v7e-m+fp/hard/crtend.o
LOAD C:/ST/STM32CubeCLT_1.17.0/GNU-tools-for-STM32/bin/../lib/gcc/arm-none-eabi/12.3.1/thumb/v7e-m+fp/hard/crtn.o
                0x20020000                        _estack = (ORIGIN (RAM) + LENGTH (RAM))
                0x00000200                        _Min_Heap_Size = 0x200
                0x00000400                        _Min_Stack_Size = 0x400

.isr_vector     0x08000000      0x188
                0x08000000                        . = ALIGN (0x4)
 *(.isr_vector)
 .isr_vector    0x08000000      0x188 CMakeFiles/STM_Code.dir/startup_stm32f407xx.s.obj
                0x08000000                g_pfnVectors
                0x08000188                        . = ALIGN (0x4)

.text           0x08000188     0x1f1c
                0x08000188                        . = ALIGN (0x4)
 *(.text)
 .text          0x08000188       0x40 C:/ST/STM32CubeCLT_1.17.0/GNU-tools-for-STM32/bin/../lib/gcc/arm-none-eabi/12.3.1/thumb/v7e-m+fp/hard/crtbegin.o
 .text          0x080001c8       0x30 C:/ST/STM32CubeCLT_1.17.0/GNU-tools-for-STM32/bin/../lib/gcc/arm-none-eabi/12.3.1/thumb/v7e-m+fp/hard\libgcc.a(_aeabi_uldivmod.o)
                0x080001c8                __aeabi_uldivmod
 .text          0x080001f8      0x2bc C:/ST/STM32CubeCLT_1.17.0/GNU-tools-for-STM32/bin/../lib/gcc/arm-none-eabi/12.3.1/thumb/v7e-m+fp/hard\libgcc.a(_udivmoddi4.o)
                0x080001f8                __udivmoddi4
 .text          0x080004b4        0x4 C:/ST/STM32CubeCLT_1.17.0/GNU-tools-for-STM32/bin/../lib/gcc/arm-none-eabi/12.3.1/thumb/v7e-m+fp/hard\libgcc.a(_dvmd_tls.o)
                0x080004b4                __aeabi_idiv0
                0x080004b4                __aeabi_ldiv0
 .text          0x080004b8       0x10 C:/ST/STM32CubeCLT_1.17.0/GNU-tools-for-STM32/bin/../lib/gcc/arm-none-eabi/12.3.1/../../../../arm-none-eabi/lib/thumb/v7e-m+fp/hard\libg_nano.a(libc_a-strlen.o)
                0x080004b8                strlen
 *(.text*)
 .text.memset   0x080004c8       0x10 C:/ST/STM32CubeCLT_1.17.0/GNU-tools-for-STM32/bin/../lib/gcc/arm-none-eabi/12.3.1/../../../../arm-none-eabi/lib/thumb/v7e-m+fp/hard\libc_nano.a(libc_a-memset.o)
                0x080004c8                memset
 .text.__libc_init_array
                0x080004d8       0x48 C:/ST/STM32CubeCLT_1.17.0/GNU-tools-for-STM32/bin/../lib/gcc/arm-none-eabi/12.3.1/../../../../arm-none-eabi/lib/thumb/v7e-m+fp/hard\libc_nano.a(libc_a-init.o)
                0x080004d8                __libc_init_array
 .text.main     0x08000520       0xc4 CMakeFiles/STM_Code.dir/Core/Src/main.c.obj
                0x08000520                main
 .text.SystemClock_Config
                0x080005e4       0xd4 CMakeFiles/STM_Code.dir/Core/Src/main.c.obj
                0x080005e4                SystemClock_Config
 .text.MX_SPI1_Init
                0x080006b8       0x6c CMakeFiles/STM_Code.dir/Core/Src/main.c.obj
 .text.MX_GPIO_Init
                0x08000724      0x2b0 CMakeFiles/STM_Code.dir/Core/Src/main.c.obj
 .text.HAL_GPIO_EXTI_Callback
                0x080009d4       0x28 CMakeFiles/STM_Code.dir/Core/Src/main.c.obj
                0x080009d4                HAL_GPIO_EXTI_Callback
 .text.Error_Handler
                0x080009fc        0xc CMakeFiles/STM_Code.dir/Core/Src/main.c.obj
                0x080009fc                Error_Handler
 .text.NMI_Handler
                0x08000a08        0x8 CMakeFiles/STM_Code.dir/Core/Src/stm32f4xx_it.c.obj
                0x08000a08                NMI_Handler
 .text.HardFault_Handler
                0x08000a10        0x8 CMakeFiles/STM_Code.dir/Core/Src/stm32f4xx_it.c.obj
                0x08000a10                HardFault_Handler
 .text.MemManage_Handler
                0x08000a18        0x8 CMakeFiles/STM_Code.dir/Core/Src/stm32f4xx_it.c.obj
                0x08000a18                MemManage_Handler
 .text.BusFault_Handler
                0x08000a20        0x8 CMakeFiles/STM_Code.dir/Core/Src/stm32f4xx_it.c.obj
                0x08000a20                BusFault_Handler
 .text.UsageFault_Handler
                0x08000a28        0x8 CMakeFiles/STM_Code.dir/Core/Src/stm32f4xx_it.c.obj
                0x08000a28                UsageFault_Handler
 .text.SVC_Handler
                0x08000a30        0xe CMakeFiles/STM_Code.dir/Core/Src/stm32f4xx_it.c.obj
                0x08000a30                SVC_Handler
 .text.DebugMon_Handler
                0x08000a3e        0xe CMakeFiles/STM_Code.dir/Core/Src/stm32f4xx_it.c.obj
                0x08000a3e                DebugMon_Handler
 .text.PendSV_Handler
                0x08000a4c        0xe CMakeFiles/STM_Code.dir/Core/Src/stm32f4xx_it.c.obj
                0x08000a4c                PendSV_Handler
 .text.SysTick_Handler
                0x08000a5a        0xc CMakeFiles/STM_Code.dir/Core/Src/stm32f4xx_it.c.obj
                0x08000a5a                SysTick_Handler
 .text.EXTI0_IRQHandler
                0x08000a66        0xe CMakeFiles/STM_Code.dir/Core/Src/stm32f4xx_it.c.obj
                0x08000a66                EXTI0_IRQHandler
 .text.HAL_MspInit
                0x08000a74       0x50 CMakeFiles/STM_Code.dir/Core/Src/stm32f4xx_hal_msp.c.obj
                0x08000a74                HAL_MspInit
 .text.HAL_SPI_MspInit
                0x08000ac4       0x90 CMakeFiles/STM_Code.dir/Core/Src/stm32f4xx_hal_msp.c.obj
                0x08000ac4                HAL_SPI_MspInit
 .text.HAL_SPI_Init
                0x08000b54      0x112 CMakeFiles/STM_Code.dir/Drivers/STM32F4xx_HAL_Driver/Src/stm32f4xx_hal_spi.c.obj
                0x08000b54                HAL_SPI_Init
 .text.HAL_SPI_Transmit
                0x08000c66      0x288 CMakeFiles/STM_Code.dir/Drivers/STM32F4xx_HAL_Driver/Src/stm32f4xx_hal_spi.c.obj
                0x08000c66                HAL_SPI_Transmit
 *fill*         0x08000eee        0x2 
 .text.SPI_WaitFlagStateUntilTimeout
                0x08000ef0      0x110 CMakeFiles/STM_Code.dir/Drivers/STM32F4xx_HAL_Driver/Src/stm32f4xx_hal_spi.c.obj
 .text.SPI_EndRxTxTransaction
                0x08001000       0xa8 CMakeFiles/STM_Code.dir/Drivers/STM32F4xx_HAL_Driver/Src/stm32f4xx_hal_spi.c.obj
 .text.HAL_RCC_OscConfig
                0x080010a8      0x4f0 CMakeFiles/STM_Code.dir/Drivers/STM32F4xx_HAL_Driver/Src/stm32f4xx_hal_rcc.c.obj
                0x080010a8                HAL_RCC_OscConfig
 .text.HAL_RCC_ClockConfig
                0x08001598      0x1cc CMakeFiles/STM_Code.dir/Drivers/STM32F4xx_HAL_Driver/Src/stm32f4xx_hal_rcc.c.obj
                0x08001598                HAL_RCC_ClockConfig
 .text.HAL_RCC_GetSysClockFreq
                0x08001764      0x20c CMakeFiles/STM_Code.dir/Drivers/STM32F4xx_HAL_Driver/Src/stm32f4xx_hal_rcc.c.obj
                0x08001764                HAL_RCC_GetSysClockFreq
 .text.HAL_GPIO_Init
                0x08001970      0x338 CMakeFiles/STM_Code.dir/Drivers/STM32F4xx_HAL_Driver/Src/stm32f4xx_hal_gpio.c.obj
                0x08001970                HAL_GPIO_Init
 .text.HAL_GPIO_WritePin
                0x08001ca8       0x32 CMakeFiles/STM_Code.dir/Drivers/STM32F4xx_HAL_Driver/Src/stm32f4xx_hal_gpio.c.obj
                0x08001ca8                HAL_GPIO_WritePin
 *fill*         0x08001cda        0x2 
 .text.HAL_GPIO_EXTI_IRQHandler
                0x08001cdc       0x30 CMakeFiles/STM_Code.dir/Drivers/STM32F4xx_HAL_Driver/Src/stm32f4xx_hal_gpio.c.obj
                0x08001cdc                HAL_GPIO_EXTI_IRQHandler
 .text.__NVIC_SetPriorityGrouping
                0x08001d0c       0x48 CMakeFiles/STM_Code.dir/Drivers/STM32F4xx_HAL_Driver/Src/stm32f4xx_hal_cortex.c.obj
 .text.__NVIC_GetPriorityGrouping
                0x08001d54       0x1c CMakeFiles/STM_Code.dir/Drivers/STM32F4xx_HAL_Driver/Src/stm32f4xx_hal_cortex.c.obj
 .text.__NVIC_EnableIRQ
                0x08001d70       0x3c CMakeFiles/STM_Code.dir/Drivers/STM32F4xx_HAL_Driver/Src/stm32f4xx_hal_cortex.c.obj
 .text.__NVIC_SetPriority
                0x08001dac       0x54 CMakeFiles/STM_Code.dir/Drivers/STM32F4xx_HAL_Driver/Src/stm32f4xx_hal_cortex.c.obj
 .text.NVIC_EncodePriority
                0x08001e00       0x66 CMakeFiles/STM_Code.dir/Drivers/STM32F4xx_HAL_Driver/Src/stm32f4xx_hal_cortex.c.obj
 *fill*         0x08001e66        0x2 
 .text.SysTick_Config
                0x08001e68       0x44 CMakeFiles/STM_Code.dir/Drivers/STM32F4xx_HAL_Driver/Src/stm32f4xx_hal_cortex.c.obj
 .text.HAL_NVIC_SetPriorityGrouping
                0x08001eac       0x16 CMakeFiles/STM_Code.dir/Drivers/STM32F4xx_HAL_Driver/Src/stm32f4xx_hal_cortex.c.obj
                0x08001eac                HAL_NVIC_SetPriorityGrouping
 .text.HAL_NVIC_SetPriority
                0x08001ec2       0x38 CMakeFiles/STM_Code.dir/Drivers/STM32F4xx_HAL_Driver/Src/stm32f4xx_hal_cortex.c.obj
                0x08001ec2                HAL_NVIC_SetPriority
 .text.HAL_NVIC_EnableIRQ
                0x08001efa       0x1c CMakeFiles/STM_Code.dir/Drivers/STM32F4xx_HAL_Driver/Src/stm32f4xx_hal_cortex.c.obj
                0x08001efa                HAL_NVIC_EnableIRQ
 .text.HAL_SYSTICK_Config
                0x08001f16       0x18 CMakeFiles/STM_Code.dir/Drivers/STM32F4xx_HAL_Driver/Src/stm32f4xx_hal_cortex.c.obj
                0x08001f16                HAL_SYSTICK_Config
 *fill*         0x08001f2e        0x2 
 .text.HAL_Init
                0x08001f30       0x44 CMakeFiles/STM_Code.dir/Drivers/STM32F4xx_HAL_Driver/Src/stm32f4xx_hal.c.obj
                0x08001f30                HAL_Init
 .text.HAL_InitTick
                0x08001f74       0x60 CMakeFiles/STM_Code.dir/Drivers/STM32F4xx_HAL_Driver/Src/stm32f4xx_hal.c.obj
                0x08001f74                HAL_InitTick
 .text.HAL_IncTick
                0x08001fd4       0x28 CMakeFiles/STM_Code.dir/Drivers/STM32F4xx_HAL_Driver/Src/stm32f4xx_hal.c.obj
                0x08001fd4                HAL_IncTick
 .text.HAL_GetTick
                0x08001ffc       0x18 CMakeFiles/STM_Code.dir/Drivers/STM32F4xx_HAL_Driver/Src/stm32f4xx_hal.c.obj
                0x08001ffc                HAL_GetTick
 .text.SystemInit
                0x08002014       0x24 CMakeFiles/STM_Code.dir/Core/Src/system_stm32f4xx.c.obj
                0x08002014                SystemInit
 .text.Reset_Handler
                0x08002038       0x50 CMakeFiles/STM_Code.dir/startup_stm32f407xx.s.obj
                0x08002038                Reset_Handler
 .text.Default_Handler
                0x08002088        0x2 CMakeFiles/STM_Code.dir/startup_stm32f407xx.s.obj
                0x08002088                RTC_Alarm_IRQHandler
                0x08002088                HASH_RNG_IRQHandler
                0x08002088                EXTI2_IRQHandler
                0x08002088                TIM8_CC_IRQHandler
                0x08002088                TIM1_CC_IRQHandler
                0x08002088                DMA2_Stream5_IRQHandler
                0x08002088                DMA1_Stream5_IRQHandler
                0x08002088                PVD_IRQHandler
                0x08002088                SDIO_IRQHandler
                0x08002088                TAMP_STAMP_IRQHandler
                0x08002088                CAN2_RX1_IRQHandler
                0x08002088                EXTI3_IRQHandler
                0x08002088                TIM8_TRG_COM_TIM14_IRQHandler
                0x08002088                TIM1_UP_TIM10_IRQHandler
                0x08002088                TIM8_UP_TIM13_IRQHandler
                0x08002088                I2C3_ER_IRQHandler
                0x08002088                I2C2_EV_IRQHandler
                0x08002088                DMA1_Stream2_IRQHandler
                0x08002088                CAN1_RX0_IRQHandler
                0x08002088                FPU_IRQHandler
                0x08002088                OTG_HS_WKUP_IRQHandler
                0x08002088                CAN2_SCE_IRQHandler
                0x08002088                DMA2_Stream2_IRQHandler
                0x08002088                SPI1_IRQHandler
                0x08002088                TIM6_DAC_IRQHandler
                0x08002088                TIM1_BRK_TIM9_IRQHandler
                0x08002088                DCMI_IRQHandler
                0x08002088                CAN2_RX0_IRQHandler
                0x08002088                DMA2_Stream3_IRQHandler
                0x08002088                USART6_IRQHandler
                0x08002088                USART3_IRQHandler
                0x08002088                CAN1_RX1_IRQHandler
                0x08002088                UART5_IRQHandler
                0x08002088                DMA2_Stream0_IRQHandler
                0x08002088                TIM4_IRQHandler
                0x08002088                I2C1_EV_IRQHandler
                0x08002088                DMA1_Stream6_IRQHandler
                0x08002088                DMA1_Stream1_IRQHandler
                0x08002088                UART4_IRQHandler
                0x08002088                TIM3_IRQHandler
                0x08002088                RCC_IRQHandler
                0x08002088                TIM8_BRK_TIM12_IRQHandler
                0x08002088                Default_Handler
                0x08002088                EXTI15_10_IRQHandler
                0x08002088                ADC_IRQHandler
                0x08002088                DMA1_Stream7_IRQHandler
                0x08002088                TIM7_IRQHandler
                0x08002088                CAN2_TX_IRQHandler
                0x08002088                TIM5_IRQHandler
                0x08002088                DMA2_Stream7_IRQHandler
                0x08002088                I2C3_EV_IRQHandler
                0x08002088                EXTI9_5_IRQHandler
                0x08002088                RTC_WKUP_IRQHandler
                0x08002088                ETH_WKUP_IRQHandler
                0x08002088                SPI2_IRQHandler
                0x08002088                OTG_HS_EP1_IN_IRQHandler
                0x08002088                DMA1_Stream0_IRQHandler
                0x08002088                CAN1_TX_IRQHandler
                0x08002088                EXTI4_IRQHandler
                0x08002088                FSMC_IRQHandler
                0x08002088                ETH_IRQHandler
                0x08002088                OTG_HS_EP1_OUT_IRQHandler
                0x08002088                WWDG_IRQHandler
                0x08002088                TIM2_IRQHandler
                0x08002088                OTG_FS_WKUP_IRQHandler
                0x08002088                TIM1_TRG_COM_TIM11_IRQHandler
                0x08002088                OTG_HS_IRQHandler
                0x08002088                EXTI1_IRQHandler
                0x08002088                USART2_IRQHandler
                0x08002088                I2C2_ER_IRQHandler
                0x08002088                DMA2_Stream1_IRQHandler
                0x08002088                CAN1_SCE_IRQHandler
                0x08002088                FLASH_IRQHandler
                0x08002088                DMA2_Stream4_IRQHandler
                0x08002088                USART1_IRQHandler
                0x08002088                OTG_FS_IRQHandler
                0x08002088                SPI3_IRQHandler
                0x08002088                DMA1_Stream4_IRQHandler
                0x08002088                I2C1_ER_IRQHandler
                0x08002088                DMA2_Stream6_IRQHandler
                0x08002088                DMA1_Stream3_IRQHandler
 *(.glue_7)
 .glue_7        0x0800208a        0x0 linker stubs
 *(.glue_7t)
 .glue_7t       0x0800208a        0x0 linker stubs
 *(.eh_frame)
 *fill*         0x0800208a        0x2 
 .eh_frame      0x0800208c        0x0 C:/ST/STM32CubeCLT_1.17.0/GNU-tools-for-STM32/bin/../lib/gcc/arm-none-eabi/12.3.1/thumb/v7e-m+fp/hard/crtbegin.o
 *(.init)
 .init          0x0800208c        0x4 C:/ST/STM32CubeCLT_1.17.0/GNU-tools-for-STM32/bin/../lib/gcc/arm-none-eabi/12.3.1/thumb/v7e-m+fp/hard/crti.o
                0x0800208c                _init
 .init          0x08002090        0x8 C:/ST/STM32CubeCLT_1.17.0/GNU-tools-for-STM32/bin/../lib/gcc/arm-none-eabi/12.3.1/thumb/v7e-m+fp/hard/crtn.o
 *(.fini)
 .fini          0x08002098        0x4 C:/ST/STM32CubeCLT_1.17.0/GNU-tools-for-STM32/bin/../lib/gcc/arm-none-eabi/12.3.1/thumb/v7e-m+fp/hard/crti.o
                0x08002098                _fini
 .fini          0x0800209c        0x8 C:/ST/STM32CubeCLT_1.17.0/GNU-tools-for-STM32/bin/../lib/gcc/arm-none-eabi/12.3.1/thumb/v7e-m+fp/hard/crtn.o
                0x080020a4                        . = ALIGN (0x4)
                0x080020a4                        _etext = .

.vfp11_veneer   0x080020a4        0x0
 .vfp11_veneer  0x080020a4        0x0 linker stubs

.v4_bx          0x080020a4        0x0
 .v4_bx         0x080020a4        0x0 linker stubs

.iplt           0x080020a4        0x0
 .iplt          0x080020a4        0x0 C:/ST/STM32CubeCLT_1.17.0/GNU-tools-for-STM32/bin/../lib/gcc/arm-none-eabi/12.3.1/thumb/v7e-m+fp/hard/crtbegin.o

.rodata         0x080020a4       0x10
                0x080020a4                        . = ALIGN (0x4)
 *(.rodata)
 *(.rodata*)
 .rodata.AHBPrescTable
                0x080020a4       0x10 CMakeFiles/STM_Code.dir/Core/Src/system_stm32f4xx.c.obj
                0x080020a4                AHBPrescTable
                0x080020b4                        . = ALIGN (0x4)

.ARM.extab
 *(.ARM.extab* .gnu.linkonce.armextab.*)

.ARM            0x080020b4        0x8
                0x080020b4                        __exidx_start = .
 *(.ARM.exidx*)
 .ARM.exidx     0x080020b4        0x8 C:/ST/STM32CubeCLT_1.17.0/GNU-tools-for-STM32/bin/../lib/gcc/arm-none-eabi/12.3.1/thumb/v7e-m+fp/hard\libgcc.a(_udivmoddi4.o)
 .ARM.exidx     0x080020bc        0x0 C:/ST/STM32CubeCLT_1.17.0/GNU-tools-for-STM32/bin/../lib/gcc/arm-none-eabi/12.3.1/../../../../arm-none-eabi/lib/thumb/v7e-m+fp/hard\libg_nano.a(libc_a-strlen.o)
                                  0x8 (size before relaxing)
                0x080020bc                        __exidx_end = .

.rel.dyn        0x080020bc        0x0
 .rel.iplt      0x080020bc        0x0 C:/ST/STM32CubeCLT_1.17.0/GNU-tools-for-STM32/bin/../lib/gcc/arm-none-eabi/12.3.1/thumb/v7e-m+fp/hard/crtbegin.o

.preinit_array  0x080020bc        0x0
                0x080020bc                        PROVIDE (__preinit_array_start = .)
 *(.preinit_array*)
                0x080020bc                        PROVIDE (__preinit_array_end = .)

.init_array     0x080020bc        0x4
                0x080020bc                        PROVIDE (__init_array_start = .)
 *(SORT_BY_NAME(.init_array.*))
 *(.init_array*)
 .init_array    0x080020bc        0x4 C:/ST/STM32CubeCLT_1.17.0/GNU-tools-for-STM32/bin/../lib/gcc/arm-none-eabi/12.3.1/thumb/v7e-m+fp/hard/crtbegin.o
                0x080020c0                        PROVIDE (__init_array_end = .)

.fini_array     0x080020c0        0x4
                [!provide]                        PROVIDE (__fini_array_start = .)
 *(SORT_BY_NAME(.fini_array.*))
 *(.fini_array*)
 .fini_array    0x080020c0        0x4 C:/ST/STM32CubeCLT_1.17.0/GNU-tools-for-STM32/bin/../lib/gcc/arm-none-eabi/12.3.1/thumb/v7e-m+fp/hard/crtbegin.o
                [!provide]                        PROVIDE (__fini_array_end = .)
                0x080020c4                        _sidata = LOADADDR (.data)

.data           0x20000000       0x1c load address 0x080020c4
                0x20000000                        . = ALIGN (0x4)
                0x20000000                        _sdata = .
 *(.data)
 *(.data*)
 .data.user_buffer
                0x20000000       0x10 CMakeFiles/STM_Code.dir/Core/Src/main.c.obj
                0x20000000                user_buffer
 .data.uwTickPrio
                0x20000010        0x4 CMakeFiles/STM_Code.dir/Drivers/STM32F4xx_HAL_Driver/Src/stm32f4xx_hal.c.obj
                0x20000010                uwTickPrio
 .data.uwTickFreq
                0x20000014        0x1 CMakeFiles/STM_Code.dir/Drivers/STM32F4xx_HAL_Driver/Src/stm32f4xx_hal.c.obj
                0x20000014                uwTickFreq
 *fill*         0x20000015        0x3 
 .data.SystemCoreClock
                0x20000018        0x4 CMakeFiles/STM_Code.dir/Core/Src/system_stm32f4xx.c.obj
                0x20000018                SystemCoreClock
                0x2000001c                        . = ALIGN (0x4)
                0x2000001c                        _edata = .
                0x080020e0                        _siccmram = LOADADDR (.ccmram)

.igot.plt       0x2000001c        0x0 load address 0x080020e0
 .igot.plt      0x2000001c        0x0 C:/ST/STM32CubeCLT_1.17.0/GNU-tools-for-STM32/bin/../lib/gcc/arm-none-eabi/12.3.1/thumb/v7e-m+fp/hard/crtbegin.o

.ccmram         0x10000000        0x0 load address 0x080020e0
                0x10000000                        . = ALIGN (0x4)
                0x10000000                        _sccmram = .
 *(.ccmram)
 *(.ccmram*)
                0x10000000                        . = ALIGN (0x4)
                0x10000000                        _eccmram = .
                0x10000000                        . = ALIGN (0x4)

.bss            0x2000001c       0x7c
                0x2000001c                        _sbss = .
                0x2000001c                        __bss_start__ = _sbss
 *(.bss)
 .bss           0x2000001c       0x1c C:/ST/STM32CubeCLT_1.17.0/GNU-tools-for-STM32/bin/../lib/gcc/arm-none-eabi/12.3.1/thumb/v7e-m+fp/hard/crtbegin.o
 *(.bss*)
 .bss.hspi1     0x20000038       0x58 CMakeFiles/STM_Code.dir/Core/Src/main.c.obj
                0x20000038                hspi1
 .bss.button_flag
                0x20000090        0x1 CMakeFiles/STM_Code.dir/Core/Src/main.c.obj
                0x20000090                button_flag
 .bss.current_task
                0x20000091        0x1 CMakeFiles/STM_Code.dir/Core/Src/main.c.obj
                0x20000091                current_task
 .bss.command_code
                0x20000092        0x1 CMakeFiles/STM_Code.dir/Core/Src/main.c.obj
                0x20000092                command_code
 *fill*         0x20000093        0x1 
 .bss.uwTick    0x20000094        0x4 CMakeFiles/STM_Code.dir/Drivers/STM32F4xx_HAL_Driver/Src/stm32f4xx_hal.c.obj
                0x20000094                uwTick
 *(COMMON)
                0x20000098                        . = ALIGN (0x4)
                0x20000098                        _ebss = .
                0x20000098                        __bss_end__ = _ebss

._user_heap_stack
                0x20000098      0x600
                0x20000098                        . = ALIGN (0x8)
                [!provide]                        PROVIDE (end = .)
                0x20000098                        PROVIDE (_end = .)
                0x20000298                        . = (. + _Min_Heap_Size)
 *fill*         0x20000098      0x200 
                0x20000698                        . = (. + _Min_Stack_Size)
 *fill*         0x20000298      0x400 
                0x20000698                        . = ALIGN (0x8)

/DISCARD/
 libc.a(*)
 libm.a(*)
 libgcc.a(*)
OUTPUT(STM_Code.elf elf32-littlearm)
LOAD linker stubs
LOAD C:/ST/STM32CubeCLT_1.17.0/GNU-tools-for-STM32/bin/../lib/gcc/arm-none-eabi/12.3.1/../../../../arm-none-eabi/lib/thumb/v7e-m+fp/hard\libc.a
LOAD C:/ST/STM32CubeCLT_1.17.0/GNU-tools-for-STM32/bin/../lib/gcc/arm-none-eabi/12.3.1/../../../../arm-none-eabi/lib/thumb/v7e-m+fp/hard\libm.a
LOAD C:/ST/STM32CubeCLT_1.17.0/GNU-tools-for-STM32/bin/../lib/gcc/arm-none-eabi/12.3.1/thumb/v7e-m+fp/hard\libgcc.a

.ARM.attributes
                0x00000000       0x30
 .ARM.attributes
                0x00000000       0x22 C:/ST/STM32CubeCLT_1.17.0/GNU-tools-for-STM32/bin/../lib/gcc/arm-none-eabi/12.3.1/thumb/v7e-m+fp/hard/crti.o
 .ARM.attributes
                0x00000022       0x34 C:/ST/STM32CubeCLT_1.17.0/GNU-tools-for-STM32/bin/../lib/gcc/arm-none-eabi/12.3.1/thumb/v7e-m+fp/hard/crtbegin.o
 .ARM.attributes
                0x00000056       0x34 C:/ST/STM32CubeCLT_1.17.0/GNU-tools-for-STM32/bin/../lib/gcc/arm-none-eabi/12.3.1/../../../../arm-none-eabi/lib/thumb/v7e-m+fp/hard\libc_nano.a(libc_a-memset.o)
 .ARM.attributes
                0x0000008a       0x34 C:/ST/STM32CubeCLT_1.17.0/GNU-tools-for-STM32/bin/../lib/gcc/arm-none-eabi/12.3.1/../../../../arm-none-eabi/lib/thumb/v7e-m+fp/hard\libc_nano.a(libc_a-init.o)
 .ARM.attributes
                0x000000be       0x34 CMakeFiles/STM_Code.dir/Core/Src/main.c.obj
 .ARM.attributes
                0x000000f2       0x34 CMakeFiles/STM_Code.dir/Core/Src/stm32f4xx_it.c.obj
 .ARM.attributes
                0x00000126       0x34 CMakeFiles/STM_Code.dir/Core/Src/stm32f4xx_hal_msp.c.obj
 .ARM.attributes
                0x0000015a       0x34 CMakeFiles/STM_Code.dir/Drivers/STM32F4xx_HAL_Driver/Src/stm32f4xx_hal_spi.c.obj
 .ARM.attributes
                0x0000018e       0x34 CMakeFiles/STM_Code.dir/Drivers/STM32F4xx_HAL_Driver/Src/stm32f4xx_hal_rcc.c.obj
 .ARM.attributes
                0x000001c2       0x34 CMakeFiles/STM_Code.dir/Drivers/STM32F4xx_HAL_Driver/Src/stm32f4xx_hal_gpio.c.obj
 .ARM.attributes
                0x000001f6       0x34 CMakeFiles/STM_Code.dir/Drivers/STM32F4xx_HAL_Driver/Src/stm32f4xx_hal_cortex.c.obj
 .ARM.attributes
                0x0000022a       0x34 CMakeFiles/STM_Code.dir/Drivers/STM32F4xx_HAL_Driver/Src/stm32f4xx_hal.c.obj
 .ARM.attributes
                0x0000025e       0x34 CMakeFiles/STM_Code.dir/Core/Src/system_stm32f4xx.c.obj
 .ARM.attributes
                0x00000292       0x21 CMakeFiles/STM_Code.dir/startup_stm32f407xx.s.obj
 .ARM.attributes
                0x000002b3       0x22 C:/ST/STM32CubeCLT_1.17.0/GNU-tools-for-STM32/bin/../lib/gcc/arm-none-eabi/12.3.1/thumb/v7e-m+fp/hard\libgcc.a(_aeabi_uldivmod.o)
 .ARM.attributes
                0x000002d5       0x34 C:/ST/STM32CubeCLT_1.17.0/GNU-tools-for-STM32/bin/../lib/gcc/arm-none-eabi/12.3.1/thumb/v7e-m+fp/hard\libgcc.a(_udivmoddi4.o)
 .ARM.attributes
                0x00000309       0x22 C:/ST/STM32CubeCLT_1.17.0/GNU-tools-for-STM32/bin/../lib/gcc/arm-none-eabi/12.3.1/thumb/v7e-m+fp/hard\libgcc.a(_dvmd_tls.o)
 .ARM.attributes
                0x0000032b       0x17 C:/ST/STM32CubeCLT_1.17.0/GNU-tools-for-STM32/bin/../lib/gcc/arm-none-eabi/12.3.1/../../../../arm-none-eabi/lib/thumb/v7e-m+fp/hard\libg_nano.a(libc_a-strlen.o)
 .ARM.attributes
                0x00000342       0x22 C:/ST/STM32CubeCLT_1.17.0/GNU-tools-for-STM32/bin/../lib/gcc/arm-none-eabi/12.3.1/thumb/v7e-m+fp/hard/crtn.o

.comment        0x00000000       0x43
 .comment       0x00000000       0x43 CMakeFiles/STM_Code.dir/Core/Src/main.c.obj
                                 0x44 (size before relaxing)
 .comment       0x00000043       0x44 CMakeFiles/STM_Code.dir/Core/Src/stm32f4xx_it.c.obj
 .comment       0x00000043       0x44 CMakeFiles/STM_Code.dir/Core/Src/stm32f4xx_hal_msp.c.obj
 .comment       0x00000043       0x44 CMakeFiles/STM_Code.dir/Drivers/STM32F4xx_HAL_Driver/Src/stm32f4xx_hal_spi.c.obj
 .comment       0x00000043       0x44 CMakeFiles/STM_Code.dir/Drivers/STM32F4xx_HAL_Driver/Src/stm32f4xx_hal_rcc.c.obj
 .comment       0x00000043       0x44 CMakeFiles/STM_Code.dir/Drivers/STM32F4xx_HAL_Driver/Src/stm32f4xx_hal_gpio.c.obj
 .comment       0x00000043       0x44 CMakeFiles/STM_Code.dir/Drivers/STM32F4xx_HAL_Driver/Src/stm32f4xx_hal_cortex.c.obj
 .comment       0x00000043       0x44 CMakeFiles/STM_Code.dir/Drivers/STM32F4xx_HAL_Driver/Src/stm32f4xx_hal.c.obj
 .comment       0x00000043       0x44 CMakeFiles/STM_Code.dir/Core/Src/system_stm32f4xx.c.obj

.debug_frame    0x00000000     0x175c
 .debug_frame   0x00000000       0x20 C:/ST/STM32CubeCLT_1.17.0/GNU-tools-for-STM32/bin/../lib/gcc/arm-none-eabi/12.3.1/../../../../arm-none-eabi/lib/thumb/v7e-m+fp/hard\libc_nano.a(libc_a-memset.o)
 .debug_frame   0x00000020       0x2c C:/ST/STM32CubeCLT_1.17.0/GNU-tools-for-STM32/bin/../lib/gcc/arm-none-eabi/12.3.1/../../../../arm-none-eabi/lib/thumb/v7e-m+fp/hard\libc_nano.a(libc_a-init.o)
 .debug_frame   0x0000004c       0xd8 CMakeFiles/STM_Code.dir/Core/Src/main.c.obj
 .debug_frame   0x00000124      0x120 CMakeFiles/STM_Code.dir/Core/Src/stm32f4xx_it.c.obj
 .debug_frame   0x00000244       0x7c CMakeFiles/STM_Code.dir/Core/Src/stm32f4xx_hal_msp.c.obj
 .debug_frame   0x000002c0      0x828 CMakeFiles/STM_Code.dir/Drivers/STM32F4xx_HAL_Driver/Src/stm32f4xx_hal_spi.c.obj
 .debug_frame   0x00000ae8      0x1f4 CMakeFiles/STM_Code.dir/Drivers/STM32F4xx_HAL_Driver/Src/stm32f4xx_hal_rcc.c.obj
 .debug_frame   0x00000cdc      0x14c CMakeFiles/STM_Code.dir/Drivers/STM32F4xx_HAL_Driver/Src/stm32f4xx_hal_gpio.c.obj
 .debug_frame   0x00000e28      0x508 CMakeFiles/STM_Code.dir/Drivers/STM32F4xx_HAL_Driver/Src/stm32f4xx_hal_cortex.c.obj
 .debug_frame   0x00001330      0x374 CMakeFiles/STM_Code.dir/Drivers/STM32F4xx_HAL_Driver/Src/stm32f4xx_hal.c.obj
 .debug_frame   0x000016a4       0x58 CMakeFiles/STM_Code.dir/Core/Src/system_stm32f4xx.c.obj
 .debug_frame   0x000016fc       0x2c C:/ST/STM32CubeCLT_1.17.0/GNU-tools-for-STM32/bin/../lib/gcc/arm-none-eabi/12.3.1/thumb/v7e-m+fp/hard\libgcc.a(_aeabi_uldivmod.o)
 .debug_frame   0x00001728       0x34 C:/ST/STM32CubeCLT_1.17.0/GNU-tools-for-STM32/bin/../lib/gcc/arm-none-eabi/12.3.1/thumb/v7e-m+fp/hard\libgcc.a(_udivmoddi4.o)

.debug_info     0x00000000     0x5aa5
 .debug_info    0x00000000      0xf55 CMakeFiles/STM_Code.dir/Core/Src/main.c.obj
 .debug_info    0x00000f55      0x14a CMakeFiles/STM_Code.dir/Core/Src/stm32f4xx_it.c.obj
 .debug_info    0x0000109f      0x92c CMakeFiles/STM_Code.dir/Core/Src/stm32f4xx_hal_msp.c.obj
 .debug_info    0x000019cb     0x1525 CMakeFiles/STM_Code.dir/Drivers/STM32F4xx_HAL_Driver/Src/stm32f4xx_hal_spi.c.obj
 .debug_info    0x00002ef0      0x8af CMakeFiles/STM_Code.dir/Drivers/STM32F4xx_HAL_Driver/Src/stm32f4xx_hal_rcc.c.obj
 .debug_info    0x0000379f      0x6c3 CMakeFiles/STM_Code.dir/Drivers/STM32F4xx_HAL_Driver/Src/stm32f4xx_hal_gpio.c.obj
 .debug_info    0x00003e62      0xd8c CMakeFiles/STM_Code.dir/Drivers/STM32F4xx_HAL_Driver/Src/stm32f4xx_hal_cortex.c.obj
 .debug_info    0x00004bee      0x944 CMakeFiles/STM_Code.dir/Drivers/STM32F4xx_HAL_Driver/Src/stm32f4xx_hal.c.obj
 .debug_info    0x00005532      0x512 CMakeFiles/STM_Code.dir/Core/Src/system_stm32f4xx.c.obj
 .debug_info    0x00005a44       0x30 CMakeFiles/STM_Code.dir/startup_stm32f407xx.s.obj
 .debug_info    0x00005a74       0x31 C:/ST/STM32CubeCLT_1.17.0/GNU-tools-for-STM32/bin/../lib/gcc/arm-none-eabi/12.3.1/../../../../arm-none-eabi/lib/thumb/v7e-m+fp/hard\libg_nano.a(libc_a-strlen.o)

.debug_abbrev   0x00000000     0x1291
 .debug_abbrev  0x00000000      0x292 CMakeFiles/STM_Code.dir/Core/Src/main.c.obj
 .debug_abbrev  0x00000292       0xa0 CMakeFiles/STM_Code.dir/Core/Src/stm32f4xx_it.c.obj
 .debug_abbrev  0x00000332      0x1c3 CMakeFiles/STM_Code.dir/Core/Src/stm32f4xx_hal_msp.c.obj
 .debug_abbrev  0x000004f5      0x27a CMakeFiles/STM_Code.dir/Drivers/STM32F4xx_HAL_Driver/Src/stm32f4xx_hal_spi.c.obj
 .debug_abbrev  0x0000076f      0x2b7 CMakeFiles/STM_Code.dir/Drivers/STM32F4xx_HAL_Driver/Src/stm32f4xx_hal_rcc.c.obj
 .debug_abbrev  0x00000a26      0x1d4 CMakeFiles/STM_Code.dir/Drivers/STM32F4xx_HAL_Driver/Src/stm32f4xx_hal_gpio.c.obj
 .debug_abbrev  0x00000bfa      0x31d CMakeFiles/STM_Code.dir/Drivers/STM32F4xx_HAL_Driver/Src/stm32f4xx_hal_cortex.c.obj
 .debug_abbrev  0x00000f17      0x214 CMakeFiles/STM_Code.dir/Drivers/STM32F4xx_HAL_Driver/Src/stm32f4xx_hal.c.obj
 .debug_abbrev  0x0000112b      0x11a CMakeFiles/STM_Code.dir/Core/Src/system_stm32f4xx.c.obj
 .debug_abbrev  0x00001245       0x24 CMakeFiles/STM_Code.dir/startup_stm32f407xx.s.obj
 .debug_abbrev  0x00001269       0x28 C:/ST/STM32CubeCLT_1.17.0/GNU-tools-for-STM32/bin/../lib/gcc/arm-none-eabi/12.3.1/../../../../arm-none-eabi/lib/thumb/v7e-m+fp/hard\libg_nano.a(libc_a-strlen.o)

.debug_aranges  0x00000000      0x620
 .debug_aranges
                0x00000000       0x48 CMakeFiles/STM_Code.dir/Core/Src/main.c.obj
 .debug_aranges
                0x00000048       0x68 CMakeFiles/STM_Code.dir/Core/Src/stm32f4xx_it.c.obj
 .debug_aranges
                0x000000b0       0x30 CMakeFiles/STM_Code.dir/Core/Src/stm32f4xx_hal_msp.c.obj
 .debug_aranges
                0x000000e0      0x1d0 CMakeFiles/STM_Code.dir/Drivers/STM32F4xx_HAL_Driver/Src/stm32f4xx_hal_spi.c.obj
 .debug_aranges
                0x000002b0       0x88 CMakeFiles/STM_Code.dir/Drivers/STM32F4xx_HAL_Driver/Src/stm32f4xx_hal_rcc.c.obj
 .debug_aranges
                0x00000338       0x58 CMakeFiles/STM_Code.dir/Drivers/STM32F4xx_HAL_Driver/Src/stm32f4xx_hal_gpio.c.obj
 .debug_aranges
                0x00000390      0x130 CMakeFiles/STM_Code.dir/Drivers/STM32F4xx_HAL_Driver/Src/stm32f4xx_hal_cortex.c.obj
 .debug_aranges
                0x000004c0       0xf0 CMakeFiles/STM_Code.dir/Drivers/STM32F4xx_HAL_Driver/Src/stm32f4xx_hal.c.obj
 .debug_aranges
                0x000005b0       0x28 CMakeFiles/STM_Code.dir/Core/Src/system_stm32f4xx.c.obj
 .debug_aranges
                0x000005d8       0x28 CMakeFiles/STM_Code.dir/startup_stm32f407xx.s.obj
 .debug_aranges
                0x00000600       0x20 C:/ST/STM32CubeCLT_1.17.0/GNU-tools-for-STM32/bin/../lib/gcc/arm-none-eabi/12.3.1/../../../../arm-none-eabi/lib/thumb/v7e-m+fp/hard\libg_nano.a(libc_a-strlen.o)

.debug_rnglists
                0x00000000      0x473
 .debug_rnglists
                0x00000000       0x34 CMakeFiles/STM_Code.dir/Core/Src/main.c.obj
 .debug_rnglists
                0x00000034       0x49 CMakeFiles/STM_Code.dir/Core/Src/stm32f4xx_it.c.obj
 .debug_rnglists
                0x0000007d       0x20 CMakeFiles/STM_Code.dir/Core/Src/stm32f4xx_hal_msp.c.obj
 .debug_rnglists
                0x0000009d      0x16f CMakeFiles/STM_Code.dir/Drivers/STM32F4xx_HAL_Driver/Src/stm32f4xx_hal_spi.c.obj
 .debug_rnglists
                0x0000020c       0x66 CMakeFiles/STM_Code.dir/Drivers/STM32F4xx_HAL_Driver/Src/stm32f4xx_hal_rcc.c.obj
 .debug_rnglists
                0x00000272       0x3f CMakeFiles/STM_Code.dir/Drivers/STM32F4xx_HAL_Driver/Src/stm32f4xx_hal_gpio.c.obj
 .debug_rnglists
                0x000002b1       0xe0 CMakeFiles/STM_Code.dir/Drivers/STM32F4xx_HAL_Driver/Src/stm32f4xx_hal_cortex.c.obj
 .debug_rnglists
                0x00000391       0xaf CMakeFiles/STM_Code.dir/Drivers/STM32F4xx_HAL_Driver/Src/stm32f4xx_hal.c.obj
 .debug_rnglists
                0x00000440       0x1a CMakeFiles/STM_Code.dir/Core/Src/system_stm32f4xx.c.obj
 .debug_rnglists
                0x0000045a       0x19 CMakeFiles/STM_Code.dir/startup_stm32f407xx.s.obj

.debug_macro    0x00000000    0x1fc32
 .debug_macro   0x00000000      0x294 CMakeFiles/STM_Code.dir/Core/Src/main.c.obj
 .debug_macro   0x00000294      0xab4 CMakeFiles/STM_Code.dir/Core/Src/main.c.obj
 .debug_macro   0x00000d48      0x295 CMakeFiles/STM_Code.dir/Core/Src/main.c.obj
 .debug_macro   0x00000fdd       0x2e CMakeFiles/STM_Code.dir/Core/Src/main.c.obj
 .debug_macro   0x0000100b       0x2f CMakeFiles/STM_Code.dir/Core/Src/main.c.obj
 .debug_macro   0x0000103a       0x22 CMakeFiles/STM_Code.dir/Core/Src/main.c.obj
 .debug_macro   0x0000105c       0x8e CMakeFiles/STM_Code.dir/Core/Src/main.c.obj
 .debug_macro   0x000010ea       0x51 CMakeFiles/STM_Code.dir/Core/Src/main.c.obj
 .debug_macro   0x0000113b      0x103 CMakeFiles/STM_Code.dir/Core/Src/main.c.obj
 .debug_macro   0x0000123e       0x6a CMakeFiles/STM_Code.dir/Core/Src/main.c.obj
 .debug_macro   0x000012a8      0x1df CMakeFiles/STM_Code.dir/Core/Src/main.c.obj
 .debug_macro   0x00001487       0x1c CMakeFiles/STM_Code.dir/Core/Src/main.c.obj
 .debug_macro   0x000014a3       0x22 CMakeFiles/STM_Code.dir/Core/Src/main.c.obj
 .debug_macro   0x000014c5       0xfb CMakeFiles/STM_Code.dir/Core/Src/main.c.obj
 .debug_macro   0x000015c0     0x1011 CMakeFiles/STM_Code.dir/Core/Src/main.c.obj
 .debug_macro   0x000025d1      0x11f CMakeFiles/STM_Code.dir/Core/Src/main.c.obj
 .debug_macro   0x000026f0    0x15e97 CMakeFiles/STM_Code.dir/Core/Src/main.c.obj
 .debug_macro   0x00018587       0x6d CMakeFiles/STM_Code.dir/Core/Src/main.c.obj
 .debug_macro   0x000185f4     0x369a CMakeFiles/STM_Code.dir/Core/Src/main.c.obj
 .debug_macro   0x0001bc8e      0x189 CMakeFiles/STM_Code.dir/Core/Src/main.c.obj
 .debug_macro   0x0001be17       0x5c CMakeFiles/STM_Code.dir/Core/Src/main.c.obj
 .debug_macro   0x0001be73      0x980 CMakeFiles/STM_Code.dir/Core/Src/main.c.obj
 .debug_macro   0x0001c7f3      0x9e9 CMakeFiles/STM_Code.dir/Core/Src/main.c.obj
 .debug_macro   0x0001d1dc      0x115 CMakeFiles/STM_Code.dir/Core/Src/main.c.obj
 .debug_macro   0x0001d2f1      0x13e CMakeFiles/STM_Code.dir/Core/Src/main.c.obj
 .debug_macro   0x0001d42f       0xa5 CMakeFiles/STM_Code.dir/Core/Src/main.c.obj
 .debug_macro   0x0001d4d4      0x174 CMakeFiles/STM_Code.dir/Core/Src/main.c.obj
 .debug_macro   0x0001d648      0x287 CMakeFiles/STM_Code.dir/Core/Src/main.c.obj
 .debug_macro   0x0001d8cf       0x5f CMakeFiles/STM_Code.dir/Core/Src/main.c.obj
 .debug_macro   0x0001d92e      0x236 CMakeFiles/STM_Code.dir/Core/Src/main.c.obj
 .debug_macro   0x0001db64      0x12c CMakeFiles/STM_Code.dir/Core/Src/main.c.obj
 .debug_macro   0x0001dc90      0x21e CMakeFiles/STM_Code.dir/Core/Src/main.c.obj
 .debug_macro   0x0001deae       0x2e CMakeFiles/STM_Code.dir/Core/Src/main.c.obj
 .debug_macro   0x0001dedc      0x127 CMakeFiles/STM_Code.dir/Core/Src/main.c.obj
 .debug_macro   0x0001e003       0x7e CMakeFiles/STM_Code.dir/Core/Src/main.c.obj
 .debug_macro   0x0001e081       0x89 CMakeFiles/STM_Code.dir/Core/Src/main.c.obj
 .debug_macro   0x0001e10a      0x225 CMakeFiles/STM_Code.dir/Core/Src/main.c.obj
 .debug_macro   0x0001e32f      0x12d CMakeFiles/STM_Code.dir/Core/Src/main.c.obj
 .debug_macro   0x0001e45c      0x196 CMakeFiles/STM_Code.dir/Core/Src/main.c.obj
 .debug_macro   0x0001e5f2       0x74 CMakeFiles/STM_Code.dir/Core/Src/main.c.obj
 .debug_macro   0x0001e666       0x2a CMakeFiles/STM_Code.dir/Core/Src/main.c.obj
 .debug_macro   0x0001e690       0x3c CMakeFiles/STM_Code.dir/Core/Src/main.c.obj
 .debug_macro   0x0001e6cc       0x34 CMakeFiles/STM_Code.dir/Core/Src/main.c.obj
 .debug_macro   0x0001e700       0x16 CMakeFiles/STM_Code.dir/Core/Src/main.c.obj
 .debug_macro   0x0001e716       0x43 CMakeFiles/STM_Code.dir/Core/Src/main.c.obj
 .debug_macro   0x0001e759       0x34 CMakeFiles/STM_Code.dir/Core/Src/main.c.obj
 .debug_macro   0x0001e78d       0x10 CMakeFiles/STM_Code.dir/Core/Src/main.c.obj
 .debug_macro   0x0001e79d       0x58 CMakeFiles/STM_Code.dir/Core/Src/main.c.obj
 .debug_macro   0x0001e7f5      0x1de CMakeFiles/STM_Code.dir/Core/Src/main.c.obj
 .debug_macro   0x0001e9d3      0x369 CMakeFiles/STM_Code.dir/Core/Src/main.c.obj
 .debug_macro   0x0001ed3c       0x10 CMakeFiles/STM_Code.dir/Core/Src/main.c.obj
 .debug_macro   0x0001ed4c       0x35 CMakeFiles/STM_Code.dir/Core/Src/main.c.obj
 .debug_macro   0x0001ed81       0x20 CMakeFiles/STM_Code.dir/Core/Src/main.c.obj
 .debug_macro   0x0001eda1      0x1d3 CMakeFiles/STM_Code.dir/Core/Src/stm32f4xx_it.c.obj
 .debug_macro   0x0001ef74      0x1c9 CMakeFiles/STM_Code.dir/Core/Src/stm32f4xx_hal_msp.c.obj
 .debug_macro   0x0001f13d      0x1c9 CMakeFiles/STM_Code.dir/Drivers/STM32F4xx_HAL_Driver/Src/stm32f4xx_hal_spi.c.obj
 .debug_macro   0x0001f306      0x1de CMakeFiles/STM_Code.dir/Drivers/STM32F4xx_HAL_Driver/Src/stm32f4xx_hal_rcc.c.obj
 .debug_macro   0x0001f4e4      0x1c0 CMakeFiles/STM_Code.dir/Drivers/STM32F4xx_HAL_Driver/Src/stm32f4xx_hal_gpio.c.obj
 .debug_macro   0x0001f6a4      0x1ba CMakeFiles/STM_Code.dir/Drivers/STM32F4xx_HAL_Driver/Src/stm32f4xx_hal_cortex.c.obj
 .debug_macro   0x0001f85e      0x21a CMakeFiles/STM_Code.dir/Drivers/STM32F4xx_HAL_Driver/Src/stm32f4xx_hal.c.obj
 .debug_macro   0x0001fa78      0x1ba CMakeFiles/STM_Code.dir/Core/Src/system_stm32f4xx.c.obj

.debug_line     0x00000000     0x736e
 .debug_line    0x00000000      0xa1a CMakeFiles/STM_Code.dir/Core/Src/main.c.obj
 .debug_line    0x00000a1a      0x87d CMakeFiles/STM_Code.dir/Core/Src/stm32f4xx_it.c.obj
 .debug_line    0x00001297      0x7f0 CMakeFiles/STM_Code.dir/Core/Src/stm32f4xx_hal_msp.c.obj
 .debug_line    0x00001a87     0x1dae CMakeFiles/STM_Code.dir/Drivers/STM32F4xx_HAL_Driver/Src/stm32f4xx_hal_spi.c.obj
 .debug_line    0x00003835      0xe1b CMakeFiles/STM_Code.dir/Drivers/STM32F4xx_HAL_Driver/Src/stm32f4xx_hal_rcc.c.obj
 .debug_line    0x00004650      0xc1c CMakeFiles/STM_Code.dir/Drivers/STM32F4xx_HAL_Driver/Src/stm32f4xx_hal_gpio.c.obj
 .debug_line    0x0000526c      0xd82 CMakeFiles/STM_Code.dir/Drivers/STM32F4xx_HAL_Driver/Src/stm32f4xx_hal_cortex.c.obj
 .debug_line    0x00005fee      0xa90 CMakeFiles/STM_Code.dir/Drivers/STM32F4xx_HAL_Driver/Src/stm32f4xx_hal.c.obj
 .debug_line    0x00006a7e      0x827 CMakeFiles/STM_Code.dir/Core/Src/system_stm32f4xx.c.obj
 .debug_line    0x000072a5       0x7a CMakeFiles/STM_Code.dir/startup_stm32f407xx.s.obj
 .debug_line    0x0000731f       0x4f C:/ST/STM32CubeCLT_1.17.0/GNU-tools-for-STM32/bin/../lib/gcc/arm-none-eabi/12.3.1/../../../../arm-none-eabi/lib/thumb/v7e-m+fp/hard\libg_nano.a(libc_a-strlen.o)

.debug_str      0x00000000    0xc1881
 .debug_str     0x00000000    0xc008c CMakeFiles/STM_Code.dir/Core/Src/main.c.obj
                              0xc03ac (size before relaxing)
 .debug_str     0x000c008c      0x13a CMakeFiles/STM_Code.dir/Core/Src/stm32f4xx_it.c.obj
                              0xbcb6f (size before relaxing)
 .debug_str     0x000c01c6       0xc7 CMakeFiles/STM_Code.dir/Core/Src/stm32f4xx_hal_msp.c.obj
                              0xbd0c3 (size before relaxing)
 .debug_str     0x000c028d      0x5f9 CMakeFiles/STM_Code.dir/Drivers/STM32F4xx_HAL_Driver/Src/stm32f4xx_hal_spi.c.obj
                              0xbce88 (size before relaxing)
 .debug_str     0x000c0886      0x2d7 CMakeFiles/STM_Code.dir/Drivers/STM32F4xx_HAL_Driver/Src/stm32f4xx_hal_rcc.c.obj
                              0xbc9fe (size before relaxing)
 .debug_str     0x000c0b5d      0x12f CMakeFiles/STM_Code.dir/Drivers/STM32F4xx_HAL_Driver/Src/stm32f4xx_hal_gpio.c.obj
                              0xbc745 (size before relaxing)
 .debug_str     0x000c0c8c      0x445 CMakeFiles/STM_Code.dir/Drivers/STM32F4xx_HAL_Driver/Src/stm32f4xx_hal_cortex.c.obj
                              0xbceca (size before relaxing)
 .debug_str     0x000c10d1      0x5c5 CMakeFiles/STM_Code.dir/Drivers/STM32F4xx_HAL_Driver/Src/stm32f4xx_hal.c.obj
                              0xbd14e (size before relaxing)
 .debug_str     0x000c1696       0x91 CMakeFiles/STM_Code.dir/Core/Src/system_stm32f4xx.c.obj
                              0xbc5ca (size before relaxing)
 .debug_str     0x000c1727       0x7c CMakeFiles/STM_Code.dir/startup_stm32f407xx.s.obj
                                 0xd2 (size before relaxing)
 .debug_str     0x000c17a3       0xde C:/ST/STM32CubeCLT_1.17.0/GNU-tools-for-STM32/bin/../lib/gcc/arm-none-eabi/12.3.1/../../../../arm-none-eabi/lib/thumb/v7e-m+fp/hard\libg_nano.a(libc_a-strlen.o)
                                 0xf3 (size before relaxing)

.debug_line_str
                0x00000000      0x194
 .debug_line_str
                0x00000000       0xb6 CMakeFiles/STM_Code.dir/startup_stm32f407xx.s.obj
 .debug_line_str
                0x000000b6       0xde C:/ST/STM32CubeCLT_1.17.0/GNU-tools-for-STM32/bin/../lib/gcc/arm-none-eabi/12.3.1/../../../../arm-none-eabi/lib/thumb/v7e-m+fp/hard\libg_nano.a(libc_a-strlen.o)
