Archive member included to satisfy reference by file (symbol)

C:/ST/STM32CubeCLT_1.17.0/GNU-tools-for-STM32/bin/../lib/gcc/arm-none-eabi/12.3.1/../../../../arm-none-eabi/lib/thumb/v7e-m+fp/hard\libc_nano.a(libc_a-exit.o)
                              C:/ST/STM32CubeCLT_1.17.0/GNU-tools-for-STM32/bin/../lib/gcc/arm-none-eabi/12.3.1/../../../../arm-none-eabi/lib/thumb/v7e-m+fp/hard/crt0.o (exit)
C:/ST/STM32CubeCLT_1.17.0/GNU-tools-for-STM32/bin/../lib/gcc/arm-none-eabi/12.3.1/../../../../arm-none-eabi/lib/thumb/v7e-m+fp/hard\libc_nano.a(libc_a-findfp.o)
                              C:/ST/STM32CubeCLT_1.17.0/GNU-tools-for-STM32/bin/../lib/gcc/arm-none-eabi/12.3.1/../../../../arm-none-eabi/lib/thumb/v7e-m+fp/hard\libc_nano.a(libc_a-exit.o) (__stdio_exit_handler)
C:/ST/STM32CubeCLT_1.17.0/GNU-tools-for-STM32/bin/../lib/gcc/arm-none-eabi/12.3.1/../../../../arm-none-eabi/lib/thumb/v7e-m+fp/hard\libc_nano.a(libc_a-fwalk.o)
                              C:/ST/STM32CubeCLT_1.17.0/GNU-tools-for-STM32/bin/../lib/gcc/arm-none-eabi/12.3.1/../../../../arm-none-eabi/lib/thumb/v7e-m+fp/hard\libc_nano.a(libc_a-findfp.o) (_fwalk_sglue)
C:/ST/STM32CubeCLT_1.17.0/GNU-tools-for-STM32/bin/../lib/gcc/arm-none-eabi/12.3.1/../../../../arm-none-eabi/lib/thumb/v7e-m+fp/hard\libc_nano.a(libc_a-stdio.o)
                              C:/ST/STM32CubeCLT_1.17.0/GNU-tools-for-STM32/bin/../lib/gcc/arm-none-eabi/12.3.1/../../../../arm-none-eabi/lib/thumb/v7e-m+fp/hard\libc_nano.a(libc_a-findfp.o) (__sread)
C:/ST/STM32CubeCLT_1.17.0/GNU-tools-for-STM32/bin/../lib/gcc/arm-none-eabi/12.3.1/../../../../arm-none-eabi/lib/thumb/v7e-m+fp/hard\libc_nano.a(libc_a-memset.o)
                              C:/ST/STM32CubeCLT_1.17.0/GNU-tools-for-STM32/bin/../lib/gcc/arm-none-eabi/12.3.1/../../../../arm-none-eabi/lib/thumb/v7e-m+fp/hard/crt0.o (memset)
C:/ST/STM32CubeCLT_1.17.0/GNU-tools-for-STM32/bin/../lib/gcc/arm-none-eabi/12.3.1/../../../../arm-none-eabi/lib/thumb/v7e-m+fp/hard\libc_nano.a(libc_a-closer.o)
                              C:/ST/STM32CubeCLT_1.17.0/GNU-tools-for-STM32/bin/../lib/gcc/arm-none-eabi/12.3.1/../../../../arm-none-eabi/lib/thumb/v7e-m+fp/hard\libc_nano.a(libc_a-stdio.o) (_close_r)
C:/ST/STM32CubeCLT_1.17.0/GNU-tools-for-STM32/bin/../lib/gcc/arm-none-eabi/12.3.1/../../../../arm-none-eabi/lib/thumb/v7e-m+fp/hard\libc_nano.a(libc_a-reent.o)
                              C:/ST/STM32CubeCLT_1.17.0/GNU-tools-for-STM32/bin/../lib/gcc/arm-none-eabi/12.3.1/../../../../arm-none-eabi/lib/thumb/v7e-m+fp/hard\libc_nano.a(libc_a-closer.o) (errno)
C:/ST/STM32CubeCLT_1.17.0/GNU-tools-for-STM32/bin/../lib/gcc/arm-none-eabi/12.3.1/../../../../arm-none-eabi/lib/thumb/v7e-m+fp/hard\libc_nano.a(libc_a-impure.o)
                              C:/ST/STM32CubeCLT_1.17.0/GNU-tools-for-STM32/bin/../lib/gcc/arm-none-eabi/12.3.1/../../../../arm-none-eabi/lib/thumb/v7e-m+fp/hard\libc_nano.a(libc_a-reent.o) (_impure_ptr)
C:/ST/STM32CubeCLT_1.17.0/GNU-tools-for-STM32/bin/../lib/gcc/arm-none-eabi/12.3.1/../../../../arm-none-eabi/lib/thumb/v7e-m+fp/hard\libc_nano.a(libc_a-lseekr.o)
                              C:/ST/STM32CubeCLT_1.17.0/GNU-tools-for-STM32/bin/../lib/gcc/arm-none-eabi/12.3.1/../../../../arm-none-eabi/lib/thumb/v7e-m+fp/hard\libc_nano.a(libc_a-stdio.o) (_lseek_r)
C:/ST/STM32CubeCLT_1.17.0/GNU-tools-for-STM32/bin/../lib/gcc/arm-none-eabi/12.3.1/../../../../arm-none-eabi/lib/thumb/v7e-m+fp/hard\libc_nano.a(libc_a-readr.o)
                              C:/ST/STM32CubeCLT_1.17.0/GNU-tools-for-STM32/bin/../lib/gcc/arm-none-eabi/12.3.1/../../../../arm-none-eabi/lib/thumb/v7e-m+fp/hard\libc_nano.a(libc_a-stdio.o) (_read_r)
C:/ST/STM32CubeCLT_1.17.0/GNU-tools-for-STM32/bin/../lib/gcc/arm-none-eabi/12.3.1/../../../../arm-none-eabi/lib/thumb/v7e-m+fp/hard\libc_nano.a(libc_a-writer.o)
                              C:/ST/STM32CubeCLT_1.17.0/GNU-tools-for-STM32/bin/../lib/gcc/arm-none-eabi/12.3.1/../../../../arm-none-eabi/lib/thumb/v7e-m+fp/hard\libc_nano.a(libc_a-stdio.o) (_write_r)
C:/ST/STM32CubeCLT_1.17.0/GNU-tools-for-STM32/bin/../lib/gcc/arm-none-eabi/12.3.1/../../../../arm-none-eabi/lib/thumb/v7e-m+fp/hard\libc_nano.a(libc_a-init.o)
                              C:/ST/STM32CubeCLT_1.17.0/GNU-tools-for-STM32/bin/../lib/gcc/arm-none-eabi/12.3.1/../../../../arm-none-eabi/lib/thumb/v7e-m+fp/hard/crt0.o (__libc_init_array)
C:/ST/STM32CubeCLT_1.17.0/GNU-tools-for-STM32/bin/../lib/gcc/arm-none-eabi/12.3.1/../../../../arm-none-eabi/lib/thumb/v7e-m+fp/hard\libc_nano.a(libc_a-lock.o)
                              C:/ST/STM32CubeCLT_1.17.0/GNU-tools-for-STM32/bin/../lib/gcc/arm-none-eabi/12.3.1/../../../../arm-none-eabi/lib/thumb/v7e-m+fp/hard\libc_nano.a(libc_a-findfp.o) (__retarget_lock_init_recursive)
C:/ST/STM32CubeCLT_1.17.0/GNU-tools-for-STM32/bin/../lib/gcc/arm-none-eabi/12.3.1/../../../../arm-none-eabi/lib/thumb/v7e-m+fp/hard\libc_nano.a(libc_a-freer.o)
[...]
Memory Configuration

Name             Origin             Length             Attributes
RAM              0x20000000         0x00020000         xrw
CCMRAM           0x10000000         0x00010000         xrw
FLASH            0x08000000         0x00100000         xr
*default*        0x00000000         0xffffffff

Linker script and memory map

LOAD C:/ST/STM32CubeCLT_1.17.0/GNU-tools-for-STM32/bin/../lib/gcc/arm-none-eabi/12.3.1/thumb/v7e-m+fp/hard/crti.o
LOAD C:/ST/STM32CubeCLT_1.17.0/GNU-tools-for-STM32/bin/../lib/gcc/arm-none-eabi/12.3.1/thumb/v7e-m+fp/hard/crtbegin.o
LOAD C:/ST/STM32CubeCLT_1.17.0/GNU-tools-for-STM32/bin/../lib/gcc/arm-none-eabi/12.3.1/../../../../arm-none-eabi/lib/thumb/v7e-m+fp/hard/crt0.o
START GROUP
LOAD C:/ST/STM32CubeCLT_1.17.0/GNU-tools-for-STM32/bin/../lib/gcc/arm-none-eabi/12.3.1/../../../../arm-none-eabi/lib/thumb/v7e-m+fp/hard\libc_nano.a
LOAD C:/ST/STM32CubeCLT_1.17.0/GNU-tools-for-STM32/bin/../lib/gcc/arm-none-eabi/12.3.1/../../../../arm-none-eabi/lib/thumb/v7e-m+fp/hard\libm.a
END GROUP
LOAD CMakeFiles/STM_Code.dir/Core/Src/main.c.obj
LOAD CMakeFiles/STM_Code.dir/Core/Src/stm32f4xx_it.c.obj
LOAD CMakeFiles/STM_Code.dir/Core/Src/stm32f4xx_hal_msp.c.obj
LOAD CMakeFiles/STM_Code.dir/Drivers/STM32F4xx_HAL_Driver/Src/stm32f4xx_hal_spi.c.obj
LOAD CMakeFiles/STM_Code.dir/Drivers/STM32F4xx_HAL_Driver/Src/stm32f4xx_hal_rcc.c.obj
LOAD CMakeFiles/STM_Code.dir/Drivers/STM32F4xx_HAL_Driver/Src/stm32f4xx_hal_rcc_ex.c.obj
LOAD CMakeFiles/STM_Code.dir/Drivers/STM32F4xx_HAL_Driver/Src/stm32f4xx_hal_flash.c.obj
LOAD CMakeFiles/STM_Code.dir/Drivers/STM32F4xx_HAL_Driver/Src/stm32f4xx_hal_flash_ex.c.obj
LOAD CMakeFiles/STM_Code.dir/Drivers/STM32F4xx_HAL_Driver/Src/stm32f4xx_hal_flash_ramfunc.c.obj
LOAD CMakeFiles/STM_Code.dir/Drivers/STM32F4xx_HAL_Driver/Src/stm32f4xx_hal_gpio.c.obj
LOAD CMakeFiles/STM_Code.dir/Drivers/STM32F4xx_HAL_Driver/Src/stm32f4xx_hal_dma_ex.c.obj
LOAD CMakeFiles/STM_Code.dir/Drivers/STM32F4xx_HAL_Driver/Src/stm32f4xx_hal_dma.c.obj
LOAD CMakeFiles/STM_Code.dir/Drivers/STM32F4xx_HAL_Driver/Src/stm32f4xx_hal_pwr.c.obj
LOAD CMakeFiles/STM_Code.dir/Drivers/STM32F4xx_HAL_Driver/Src/stm32f4xx_hal_pwr_ex.c.obj
LOAD CMakeFiles/STM_Code.dir/Drivers/STM32F4xx_HAL_Driver/Src/stm32f4xx_hal_cortex.c.obj
LOAD CMakeFiles/STM_Code.dir/Drivers/STM32F4xx_HAL_Driver/Src/stm32f4xx_hal.c.obj
LOAD CMakeFiles/STM_Code.dir/Drivers/STM32F4xx_HAL_Driver/Src/stm32f4xx_hal_exti.c.obj
LOAD CMakeFiles/STM_Code.dir/Core/Src/system_stm32f4xx.c.obj
LOAD CMakeFiles/STM_Code.dir/Core/Src/sysmem.c.obj
LOAD CMakeFiles/STM_Code.dir/Core/Src/syscalls.c.obj
LOAD CMakeFiles/STM_Code.dir/startup_stm32f407xx.s.obj
START GROUP
LOAD C:/ST/STM32CubeCLT_1.17.0/GNU-tools-for-STM32/bin/../lib/gcc/arm-none-eabi/12.3.1/thumb/v7e-m+fp/hard\libgcc.a
LOAD C:/ST/STM32CubeCLT_1.17.0/GNU-tools-for-STM32/bin/../lib/gcc/arm-none-eabi/12.3.1/../../../../arm-none-eabi/lib/thumb/v7e-m+fp/hard\libg_nano.a
LOAD C:/ST/STM32CubeCLT_1.17.0/GNU-tools-for-STM32/bin/../lib/gcc/arm-none-eabi/12.3.1/../../../../arm-none-eabi/lib/thumb/v7e-m+fp/hard\libc_nano.a
END GROUP
START GROUP
LOAD C:/ST/STM32CubeCLT_1.17.0/GNU-tools-for-STM32/bin/../lib/gcc/arm-none-eabi/12.3.1/thumb/v7e-m+fp/hard\libgcc.a
LOAD C:/ST/STM32CubeCLT_1.17.0/GNU-tools-for-STM32/bin/../lib/gcc/arm-none-eabi/12.3.1/../../../../arm-none-eabi/lib/thumb/v7e-m+fp/hard\libc_nano.a
END GROUP
LOAD C:/ST/STM32CubeCLT_1.17.0/GNU-tools-for-STM32/bin/../lib/gcc/arm-none-eabi/12.3.1/thumb/v7e-m+fp/hard/crtend.o
LOAD C:/ST/STM32CubeCLT_1.17.0/GNU-tools-for-STM32/bin/../lib/gcc/arm-none-eabi/12.3.1/thumb/v7e-m+fp/hard/crtn.o
                0x20020000                        _estack = (ORIGIN (RAM) + LENGTH (RAM))
                0x00000200                        _Min_Heap_Size = 0x200
                0x00000400                        _Min_Stack_Size = 0x400

.isr_vector     0x08000000      0x188
                0x08000000                        . = ALIGN (0x4)
 *(.isr_vector)
 .isr_vector    0x08000000      0x188 CMakeFiles/STM_Code.dir/startup_stm32f407xx.s.obj
                0x08000000                g_pfnVectors
                0x08000188                        . = ALIGN (0x4)

.text           0x08000188     0x1abc
                0x08000188                        . = ALIGN (0x4)
 *(.text)
 .text          0x08000188       0x40 C:/ST/STM32CubeCLT_1.17.0/GNU-tools-for-STM32/bin/../lib/gcc/arm-none-eabi/12.3.1/thumb/v7e-m+fp/hard/crtbegin.o
 .text          0x080001c8       0x30 C:/ST/STM32CubeCLT_1.17.0/GNU-tools-for-STM32/bin/../lib/gcc/arm-none-eabi/12.3.1/thumb/v7e-m+fp/hard\libgcc.a(_aeabi_uldivmod.o)
                0x080001c8                __aeabi_uldivmod
 .text          0x080001f8      0x2bc C:/ST/STM32CubeCLT_1.17.0/GNU-tools-for-STM32/bin/../lib/gcc/arm-none-eabi/12.3.1/thumb/v7e-m+fp/hard\libgcc.a(_udivmoddi4.o)
                0x080001f8                __udivmoddi4
 .text          0x080004b4        0x4 C:/ST/STM32CubeCLT_1.17.0/GNU-tools-for-STM32/bin/../lib/gcc/arm-none-eabi/12.3.1/thumb/v7e-m+fp/hard\libgcc.a(_dvmd_tls.o)
                0x080004b4                __aeabi_idiv0
                0x080004b4                __aeabi_ldiv0
 *(.text*)
 .text.memset   0x080004b8       0x10 C:/ST/STM32CubeCLT_1.17.0/GNU-tools-for-STM32/bin/../lib/gcc/arm-none-eabi/12.3.1/../../../../arm-none-eabi/lib/thumb/v7e-m+fp/hard\libc_nano.a(libc_a-memset.o)
                0x080004b8                memset
 .text.__libc_init_array
                0x080004c8       0x48 C:/ST/STM32CubeCLT_1.17.0/GNU-tools-for-STM32/bin/../lib/gcc/arm-none-eabi/12.3.1/../../../../arm-none-eabi/lib/thumb/v7e-m+fp/hard\libc_nano.a(libc_a-init.o)
                0x080004c8                __libc_init_array
 .text.main     0x08000510       0x40 CMakeFiles/STM_Code.dir/Core/Src/main.c.obj
                0x08000510                main
 .text.SystemClock_Config
                0x08000550       0xd4 CMakeFiles/STM_Code.dir/Core/Src/main.c.obj
                0x08000550                SystemClock_Config
 .text.MX_SPI1_Init
                0x08000624       0x6c CMakeFiles/STM_Code.dir/Core/Src/main.c.obj
 .text.MX_GPIO_Init
                0x08000690      0x28c CMakeFiles/STM_Code.dir/Core/Src/main.c.obj
 .text.Error_Handler
                0x0800091c        0xc CMakeFiles/STM_Code.dir/Core/Src/main.c.obj
                0x0800091c                Error_Handler
 .text.NMI_Handler
                0x08000928        0x8 CMakeFiles/STM_Code.dir/Core/Src/stm32f4xx_it.c.obj
                0x08000928                NMI_Handler
 .text.HardFault_Handler
                0x08000930        0x8 CMakeFiles/STM_Code.dir/Core/Src/stm32f4xx_it.c.obj
                0x08000930                HardFault_Handler
 .text.MemManage_Handler
                0x08000938        0x8 CMakeFiles/STM_Code.dir/Core/Src/stm32f4xx_it.c.obj
                0x08000938                MemManage_Handler
 .text.BusFault_Handler
                0x08000940        0x8 CMakeFiles/STM_Code.dir/Core/Src/stm32f4xx_it.c.obj
                0x08000940                BusFault_Handler
 .text.UsageFault_Handler
                0x08000948        0x8 CMakeFiles/STM_Code.dir/Core/Src/stm32f4xx_it.c.obj
                0x08000948                UsageFault_Handler
 .text.SVC_Handler
                0x08000950        0xe CMakeFiles/STM_Code.dir/Core/Src/stm32f4xx_it.c.obj
                0x08000950                SVC_Handler
 .text.DebugMon_Handler
                0x0800095e        0xe CMakeFiles/STM_Code.dir/Core/Src/stm32f4xx_it.c.obj
                0x0800095e                DebugMon_Handler
 .text.PendSV_Handler
                0x0800096c        0xe CMakeFiles/STM_Code.dir/Core/Src/stm32f4xx_it.c.obj
                0x0800096c                PendSV_Handler
 .text.SysTick_Handler
                0x0800097a        0xc CMakeFiles/STM_Code.dir/Core/Src/stm32f4xx_it.c.obj
                0x0800097a                SysTick_Handler
 *fill*         0x08000986        0x2 
 .text.EXTI0_IRQHandler
                0x08000988       0x18 CMakeFiles/STM_Code.dir/Core/Src/stm32f4xx_it.c.obj
                0x08000988                EXTI0_IRQHandler
 .text.HAL_MspInit
                0x080009a0       0x50 CMakeFiles/STM_Code.dir/Core/Src/stm32f4xx_hal_msp.c.obj
                0x080009a0                HAL_MspInit
 .text.HAL_SPI_MspInit
                0x080009f0       0xb0 CMakeFiles/STM_Code.dir/Core/Src/stm32f4xx_hal_msp.c.obj
                0x080009f0                HAL_SPI_MspInit
 .text.HAL_SPI_Init
                0x08000aa0      0x112 CMakeFiles/STM_Code.dir/Drivers/STM32F4xx_HAL_Driver/Src/stm32f4xx_hal_spi.c.obj
                0x08000aa0                HAL_SPI_Init
 *fill*         0x08000bb2        0x2 
 .text.HAL_RCC_OscConfig
                0x08000bb4      0x4f0 CMakeFiles/STM_Code.dir/Drivers/STM32F4xx_HAL_Driver/Src/stm32f4xx_hal_rcc.c.obj
                0x08000bb4                HAL_RCC_OscConfig
 .text.HAL_RCC_ClockConfig
                0x080010a4      0x1cc CMakeFiles/STM_Code.dir/Drivers/STM32F4xx_HAL_Driver/Src/stm32f4xx_hal_rcc.c.obj
                0x080010a4                HAL_RCC_ClockConfig
 .text.HAL_RCC_GetSysClockFreq
                0x08001270      0x20c CMakeFiles/STM_Code.dir/Drivers/STM32F4xx_HAL_Driver/Src/stm32f4xx_hal_rcc.c.obj
                0x08001270                HAL_RCC_GetSysClockFreq
 .text.HAL_GPIO_Init
                0x0800147c      0x338 CMakeFiles/STM_Code.dir/Drivers/STM32F4xx_HAL_Driver/Src/stm32f4xx_hal_gpio.c.obj
                0x0800147c                HAL_GPIO_Init
 .text.HAL_GPIO_WritePin
                0x080017b4       0x32 CMakeFiles/STM_Code.dir/Drivers/STM32F4xx_HAL_Driver/Src/stm32f4xx_hal_gpio.c.obj
                0x080017b4                HAL_GPIO_WritePin
 .text.HAL_GPIO_TogglePin
                0x080017e6       0x34 CMakeFiles/STM_Code.dir/Drivers/STM32F4xx_HAL_Driver/Src/stm32f4xx_hal_gpio.c.obj
                0x080017e6                HAL_GPIO_TogglePin
 *fill*         0x0800181a        0x2 
 .text.HAL_GPIO_EXTI_IRQHandler
                0x0800181c       0x30 CMakeFiles/STM_Code.dir/Drivers/STM32F4xx_HAL_Driver/Src/stm32f4xx_hal_gpio.c.obj
                0x0800181c                HAL_GPIO_EXTI_IRQHandler
 .text.HAL_GPIO_EXTI_Callback
                0x0800184c       0x16 CMakeFiles/STM_Code.dir/Drivers/STM32F4xx_HAL_Driver/Src/stm32f4xx_hal_gpio.c.obj
                0x0800184c                HAL_GPIO_EXTI_Callback
 *fill*         0x08001862        0x2 
 .text.__NVIC_SetPriorityGrouping
                0x08001864       0x48 CMakeFiles/STM_Code.dir/Drivers/STM32F4xx_HAL_Driver/Src/stm32f4xx_hal_cortex.c.obj
 .text.__NVIC_GetPriorityGrouping
                0x080018ac       0x1c CMakeFiles/STM_Code.dir/Drivers/STM32F4xx_HAL_Driver/Src/stm32f4xx_hal_cortex.c.obj
 .text.__NVIC_EnableIRQ
                0x080018c8       0x3c CMakeFiles/STM_Code.dir/Drivers/STM32F4xx_HAL_Driver/Src/stm32f4xx_hal_cortex.c.obj
 .text.__NVIC_SetPriority
                0x08001904       0x54 CMakeFiles/STM_Code.dir/Drivers/STM32F4xx_HAL_Driver/Src/stm32f4xx_hal_cortex.c.obj
 .text.NVIC_EncodePriority
                0x08001958       0x66 CMakeFiles/STM_Code.dir/Drivers/STM32F4xx_HAL_Driver/Src/stm32f4xx_hal_cortex.c.obj
 *fill*         0x080019be        0x2 
 .text.SysTick_Config
                0x080019c0       0x44 CMakeFiles/STM_Code.dir/Drivers/STM32F4xx_HAL_Driver/Src/stm32f4xx_hal_cortex.c.obj
 .text.HAL_NVIC_SetPriorityGrouping
                0x08001a04       0x16 CMakeFiles/STM_Code.dir/Drivers/STM32F4xx_HAL_Driver/Src/stm32f4xx_hal_cortex.c.obj
                0x08001a04                HAL_NVIC_SetPriorityGrouping
 .text.HAL_NVIC_SetPriority
                0x08001a1a       0x38 CMakeFiles/STM_Code.dir/Drivers/STM32F4xx_HAL_Driver/Src/stm32f4xx_hal_cortex.c.obj
                0x08001a1a                HAL_NVIC_SetPriority
 .text.HAL_NVIC_EnableIRQ
                0x08001a52       0x1c CMakeFiles/STM_Code.dir/Drivers/STM32F4xx_HAL_Driver/Src/stm32f4xx_hal_cortex.c.obj
                0x08001a52                HAL_NVIC_EnableIRQ
 .text.HAL_SYSTICK_Config
                0x08001a6e       0x18 CMakeFiles/STM_Code.dir/Drivers/STM32F4xx_HAL_Driver/Src/stm32f4xx_hal_cortex.c.obj
                0x08001a6e                HAL_SYSTICK_Config
 *fill*         0x08001a86        0x2 
 .text.HAL_Init
                0x08001a88       0x44 CMakeFiles/STM_Code.dir/Drivers/STM32F4xx_HAL_Driver/Src/stm32f4xx_hal.c.obj
                0x08001a88                HAL_Init
 .text.HAL_InitTick
                0x08001acc       0x60 CMakeFiles/STM_Code.dir/Drivers/STM32F4xx_HAL_Driver/Src/stm32f4xx_hal.c.obj
                0x08001acc                HAL_InitTick
 .text.HAL_IncTick
                0x08001b2c       0x28 CMakeFiles/STM_Code.dir/Drivers/STM32F4xx_HAL_Driver/Src/stm32f4xx_hal.c.obj
                0x08001b2c                HAL_IncTick
 .text.HAL_GetTick
                0x08001b54       0x18 CMakeFiles/STM_Code.dir/Drivers/STM32F4xx_HAL_Driver/Src/stm32f4xx_hal.c.obj
                0x08001b54                HAL_GetTick
 .text.HAL_Delay
                0x08001b6c       0x48 CMakeFiles/STM_Code.dir/Drivers/STM32F4xx_HAL_Driver/Src/stm32f4xx_hal.c.obj
                0x08001b6c                HAL_Delay
 .text.SystemInit
                0x08001bb4       0x24 CMakeFiles/STM_Code.dir/Core/Src/system_stm32f4xx.c.obj
                0x08001bb4                SystemInit
 .text.Reset_Handler
                0x08001bd8       0x50 CMakeFiles/STM_Code.dir/startup_stm32f407xx.s.obj
                0x08001bd8                Reset_Handler
 .text.Default_Handler
                0x08001c28        0x2 CMakeFiles/STM_Code.dir/startup_stm32f407xx.s.obj
                0x08001c28                RTC_Alarm_IRQHandler
                0x08001c28                HASH_RNG_IRQHandler
                0x08001c28                EXTI2_IRQHandler
                0x08001c28                TIM8_CC_IRQHandler
                0x08001c28                TIM1_CC_IRQHandler
                0x08001c28                DMA2_Stream5_IRQHandler
                0x08001c28                DMA1_Stream5_IRQHandler
                0x08001c28                PVD_IRQHandler
                0x08001c28                SDIO_IRQHandler
                0x08001c28                TAMP_STAMP_IRQHandler
                0x08001c28                CAN2_RX1_IRQHandler
                0x08001c28                EXTI3_IRQHandler
                0x08001c28                TIM8_TRG_COM_TIM14_IRQHandler
                0x08001c28                TIM1_UP_TIM10_IRQHandler
                0x08001c28                TIM8_UP_TIM13_IRQHandler
                0x08001c28                I2C3_ER_IRQHandler
                0x08001c28                I2C2_EV_IRQHandler
                0x08001c28                DMA1_Stream2_IRQHandler
                0x08001c28                CAN1_RX0_IRQHandler
                0x08001c28                FPU_IRQHandler
                0x08001c28                OTG_HS_WKUP_IRQHandler
                0x08001c28                CAN2_SCE_IRQHandler
                0x08001c28                DMA2_Stream2_IRQHandler
                0x08001c28                SPI1_IRQHandler
                0x08001c28                TIM6_DAC_IRQHandler
                0x08001c28                TIM1_BRK_TIM9_IRQHandler
                0x08001c28                DCMI_IRQHandler
                0x08001c28                CAN2_RX0_IRQHandler
                0x08001c28                DMA2_Stream3_IRQHandler
                0x08001c28                USART6_IRQHandler
                0x08001c28                USART3_IRQHandler
                0x08001c28                CAN1_RX1_IRQHandler
                0x08001c28                UART5_IRQHandler
                0x08001c28                DMA2_Stream0_IRQHandler
                0x08001c28                TIM4_IRQHandler
                0x08001c28                I2C1_EV_IRQHandler
                0x08001c28                DMA1_Stream6_IRQHandler
                0x08001c28                DMA1_Stream1_IRQHandler
                0x08001c28                UART4_IRQHandler
                0x08001c28                TIM3_IRQHandler
                0x08001c28                RCC_IRQHandler
                0x08001c28                TIM8_BRK_TIM12_IRQHandler
                0x08001c28                Default_Handler
                0x08001c28                EXTI15_10_IRQHandler
                0x08001c28                ADC_IRQHandler
                0x08001c28                DMA1_Stream7_IRQHandler
                0x08001c28                TIM7_IRQHandler
                0x08001c28                CAN2_TX_IRQHandler
                0x08001c28                TIM5_IRQHandler
                0x08001c28                DMA2_Stream7_IRQHandler
                0x08001c28                I2C3_EV_IRQHandler
                0x08001c28                EXTI9_5_IRQHandler
                0x08001c28                RTC_WKUP_IRQHandler
                0x08001c28                ETH_WKUP_IRQHandler
                0x08001c28                SPI2_IRQHandler
                0x08001c28                OTG_HS_EP1_IN_IRQHandler
                0x08001c28                DMA1_Stream0_IRQHandler
                0x08001c28                CAN1_TX_IRQHandler
                0x08001c28                EXTI4_IRQHandler
                0x08001c28                FSMC_IRQHandler
                0x08001c28                ETH_IRQHandler
                0x08001c28                OTG_HS_EP1_OUT_IRQHandler
                0x08001c28                WWDG_IRQHandler
                0x08001c28                TIM2_IRQHandler
                0x08001c28                OTG_FS_WKUP_IRQHandler
                0x08001c28                TIM1_TRG_COM_TIM11_IRQHandler
                0x08001c28                OTG_HS_IRQHandler
                0x08001c28                EXTI1_IRQHandler
                0x08001c28                USART2_IRQHandler
                0x08001c28                I2C2_ER_IRQHandler
                0x08001c28                DMA2_Stream1_IRQHandler
                0x08001c28                CAN1_SCE_IRQHandler
                0x08001c28                FLASH_IRQHandler
                0x08001c28                DMA2_Stream4_IRQHandler
                0x08001c28                USART1_IRQHandler
                0x08001c28                OTG_FS_IRQHandler
                0x08001c28                SPI3_IRQHandler
                0x08001c28                DMA1_Stream4_IRQHandler
                0x08001c28                I2C1_ER_IRQHandler
                0x08001c28                DMA2_Stream6_IRQHandler
                0x08001c28                DMA1_Stream3_IRQHandler
 *(.glue_7)
 .glue_7        0x08001c2a        0x0 linker stubs
 *(.glue_7t)
 .glue_7t       0x08001c2a        0x0 linker stubs
 *(.eh_frame)
 *fill*         0x08001c2a        0x2 
 .eh_frame      0x08001c2c        0x0 C:/ST/STM32CubeCLT_1.17.0/GNU-tools-for-STM32/bin/../lib/gcc/arm-none-eabi/12.3.1/thumb/v7e-m+fp/hard/crtbegin.o
 *(.init)
 .init          0x08001c2c        0x4 C:/ST/STM32CubeCLT_1.17.0/GNU-tools-for-STM32/bin/../lib/gcc/arm-none-eabi/12.3.1/thumb/v7e-m+fp/hard/crti.o
                0x08001c2c                _init
 .init          0x08001c30        0x8 C:/ST/STM32CubeCLT_1.17.0/GNU-tools-for-STM32/bin/../lib/gcc/arm-none-eabi/12.3.1/thumb/v7e-m+fp/hard/crtn.o
 *(.fini)
 .fini          0x08001c38        0x4 C:/ST/STM32CubeCLT_1.17.0/GNU-tools-for-STM32/bin/../lib/gcc/arm-none-eabi/12.3.1/thumb/v7e-m+fp/hard/crti.o
                0x08001c38                _fini
 .fini          0x08001c3c        0x8 C:/ST/STM32CubeCLT_1.17.0/GNU-tools-for-STM32/bin/../lib/gcc/arm-none-eabi/12.3.1/thumb/v7e-m+fp/hard/crtn.o
                0x08001c44                        . = ALIGN (0x4)
                0x08001c44                        _etext = .

.vfp11_veneer   0x08001c44        0x0
 .vfp11_veneer  0x08001c44        0x0 linker stubs

.v4_bx          0x08001c44        0x0
 .v4_bx         0x08001c44        0x0 linker stubs

.iplt           0x08001c44        0x0
 .iplt          0x08001c44        0x0 C:/ST/STM32CubeCLT_1.17.0/GNU-tools-for-STM32/bin/../lib/gcc/arm-none-eabi/12.3.1/thumb/v7e-m+fp/hard/crtbegin.o

.rodata         0x08001c44       0x10
                0x08001c44                        . = ALIGN (0x4)
 *(.rodata)
 *(.rodata*)
 .rodata.AHBPrescTable
                0x08001c44       0x10 CMakeFiles/STM_Code.dir/Core/Src/system_stm32f4xx.c.obj
                0x08001c44                AHBPrescTable
                0x08001c54                        . = ALIGN (0x4)

.ARM.extab
 *(.ARM.extab* .gnu.linkonce.armextab.*)

.ARM            0x08001c54        0x8
                0x08001c54                        __exidx_start = .
 *(.ARM.exidx*)
 .ARM.exidx     0x08001c54        0x8 C:/ST/STM32CubeCLT_1.17.0/GNU-tools-for-STM32/bin/../lib/gcc/arm-none-eabi/12.3.1/thumb/v7e-m+fp/hard\libgcc.a(_udivmoddi4.o)
                0x08001c5c                        __exidx_end = .

.rel.dyn        0x08001c5c        0x0
 .rel.iplt      0x08001c5c        0x0 C:/ST/STM32CubeCLT_1.17.0/GNU-tools-for-STM32/bin/../lib/gcc/arm-none-eabi/12.3.1/thumb/v7e-m+fp/hard/crtbegin.o

.preinit_array  0x08001c5c        0x0
                0x08001c5c                        PROVIDE (__preinit_array_start = .)
 *(.preinit_array*)
                0x08001c5c                        PROVIDE (__preinit_array_end = .)

.init_array     0x08001c5c        0x4
                0x08001c5c                        PROVIDE (__init_array_start = .)
 *(SORT_BY_NAME(.init_array.*))
 *(.init_array*)
 .init_array    0x08001c5c        0x4 C:/ST/STM32CubeCLT_1.17.0/GNU-tools-for-STM32/bin/../lib/gcc/arm-none-eabi/12.3.1/thumb/v7e-m+fp/hard/crtbegin.o
                0x08001c60                        PROVIDE (__init_array_end = .)

.fini_array     0x08001c60        0x4
                [!provide]                        PROVIDE (__fini_array_start = .)
 *(SORT_BY_NAME(.fini_array.*))
 *(.fini_array*)
 .fini_array    0x08001c60        0x4 C:/ST/STM32CubeCLT_1.17.0/GNU-tools-for-STM32/bin/../lib/gcc/arm-none-eabi/12.3.1/thumb/v7e-m+fp/hard/crtbegin.o
                [!provide]                        PROVIDE (__fini_array_end = .)
                0x08001c64                        _sidata = LOADADDR (.data)

.data           0x20000000        0xc load address 0x08001c64
                0x20000000                        . = ALIGN (0x4)
                0x20000000                        _sdata = .
 *(.data)
 *(.data*)
 .data.uwTickPrio
                0x20000000        0x4 CMakeFiles/STM_Code.dir/Drivers/STM32F4xx_HAL_Driver/Src/stm32f4xx_hal.c.obj
                0x20000000                uwTickPrio
 .data.uwTickFreq
                0x20000004        0x1 CMakeFiles/STM_Code.dir/Drivers/STM32F4xx_HAL_Driver/Src/stm32f4xx_hal.c.obj
                0x20000004                uwTickFreq
 *fill*         0x20000005        0x3 
 .data.SystemCoreClock
                0x20000008        0x4 CMakeFiles/STM_Code.dir/Core/Src/system_stm32f4xx.c.obj
                0x20000008                SystemCoreClock
                0x2000000c                        . = ALIGN (0x4)
                0x2000000c                        _edata = .
                0x08001c70                        _siccmram = LOADADDR (.ccmram)

.igot.plt       0x2000000c        0x0 load address 0x08001c70
 .igot.plt      0x2000000c        0x0 C:/ST/STM32CubeCLT_1.17.0/GNU-tools-for-STM32/bin/../lib/gcc/arm-none-eabi/12.3.1/thumb/v7e-m+fp/hard/crtbegin.o

.ccmram         0x10000000        0x0 load address 0x08001c70
                0x10000000                        . = ALIGN (0x4)
                0x10000000                        _sccmram = .
 *(.ccmram)
 *(.ccmram*)
                0x10000000                        . = ALIGN (0x4)
                0x10000000                        _eccmram = .
                0x10000000                        . = ALIGN (0x4)

.bss            0x2000000c       0x7c
                0x2000000c                        _sbss = .
                0x2000000c                        __bss_start__ = _sbss
 *(.bss)
 .bss           0x2000000c       0x1c C:/ST/STM32CubeCLT_1.17.0/GNU-tools-for-STM32/bin/../lib/gcc/arm-none-eabi/12.3.1/thumb/v7e-m+fp/hard/crtbegin.o
 *(.bss*)
 .bss.hspi1     0x20000028       0x58 CMakeFiles/STM_Code.dir/Core/Src/main.c.obj
                0x20000028                hspi1
 .bss.button_flag
                0x20000080        0x1 CMakeFiles/STM_Code.dir/Core/Src/main.c.obj
                0x20000080                button_flag
 *fill*         0x20000081        0x3 
 .bss.uwTick    0x20000084        0x4 CMakeFiles/STM_Code.dir/Drivers/STM32F4xx_HAL_Driver/Src/stm32f4xx_hal.c.obj
                0x20000084                uwTick
 *(COMMON)
                0x20000088                        . = ALIGN (0x4)
                0x20000088                        _ebss = .
                0x20000088                        __bss_end__ = _ebss

._user_heap_stack
                0x20000088      0x600
                0x20000088                        . = ALIGN (0x8)
                [!provide]                        PROVIDE (end = .)
                0x20000088                        PROVIDE (_end = .)
                0x20000288                        . = (. + _Min_Heap_Size)
 *fill*         0x20000088      0x200 
                0x20000688                        . = (. + _Min_Stack_Size)
 *fill*         0x20000288      0x400 
                0x20000688                        . = ALIGN (0x8)

/DISCARD/
 libc.a(*)
 libm.a(*)
 libgcc.a(*)
OUTPUT(STM_Code.elf elf32-littlearm)
LOAD linker stubs
LOAD C:/ST/STM32CubeCLT_1.17.0/GNU-tools-for-STM32/bin/../lib/gcc/arm-none-eabi/12.3.1/../../../../arm-none-eabi/lib/thumb/v7e-m+fp/hard\libc.a
LOAD C:/ST/STM32CubeCLT_1.17.0/GNU-tools-for-STM32/bin/../lib/gcc/arm-none-eabi/12.3.1/../../../../arm-none-eabi/lib/thumb/v7e-m+fp/hard\libm.a
LOAD C:/ST/STM32CubeCLT_1.17.0/GNU-tools-for-STM32/bin/../lib/gcc/arm-none-eabi/12.3.1/thumb/v7e-m+fp/hard\libgcc.a

.ARM.attributes
                0x00000000       0x30
 .ARM.attributes
                0x00000000       0x22 C:/ST/STM32CubeCLT_1.17.0/GNU-tools-for-STM32/bin/../lib/gcc/arm-none-eabi/12.3.1/thumb/v7e-m+fp/hard/crti.o
 .ARM.attributes
                0x00000022       0x34 C:/ST/STM32CubeCLT_1.17.0/GNU-tools-for-STM32/bin/../lib/gcc/arm-none-eabi/12.3.1/thumb/v7e-m+fp/hard/crtbegin.o
 .ARM.attributes
                0x00000056       0x34 C:/ST/STM32CubeCLT_1.17.0/GNU-tools-for-STM32/bin/../lib/gcc/arm-none-eabi/12.3.1/../../../../arm-none-eabi/lib/thumb/v7e-m+fp/hard\libc_nano.a(libc_a-memset.o)
 .ARM.attributes
                0x0000008a       0x34 C:/ST/STM32CubeCLT_1.17.0/GNU-tools-for-STM32/bin/../lib/gcc/arm-none-eabi/12.3.1/../../../../arm-none-eabi/lib/thumb/v7e-m+fp/hard\libc_nano.a(libc_a-init.o)
 .ARM.attributes
                0x000000be       0x34 CMakeFiles/STM_Code.dir/Core/Src/main.c.obj
 .ARM.attributes
                0x000000f2       0x34 CMakeFiles/STM_Code.dir/Core/Src/stm32f4xx_it.c.obj
 .ARM.attributes
                0x00000126       0x34 CMakeFiles/STM_Code.dir/Core/Src/stm32f4xx_hal_msp.c.obj
 .ARM.attributes
                0x0000015a       0x34 CMakeFiles/STM_Code.dir/Drivers/STM32F4xx_HAL_Driver/Src/stm32f4xx_hal_spi.c.obj
 .ARM.attributes
                0x0000018e       0x34 CMakeFiles/STM_Code.dir/Drivers/STM32F4xx_HAL_Driver/Src/stm32f4xx_hal_rcc.c.obj
 .ARM.attributes
                0x000001c2       0x34 CMakeFiles/STM_Code.dir/Drivers/STM32F4xx_HAL_Driver/Src/stm32f4xx_hal_gpio.c.obj
 .ARM.attributes
                0x000001f6       0x34 CMakeFiles/STM_Code.dir/Drivers/STM32F4xx_HAL_Driver/Src/stm32f4xx_hal_cortex.c.obj
 .ARM.attributes
                0x0000022a       0x34 CMakeFiles/STM_Code.dir/Drivers/STM32F4xx_HAL_Driver/Src/stm32f4xx_hal.c.obj
 .ARM.attributes
                0x0000025e       0x34 CMakeFiles/STM_Code.dir/Core/Src/system_stm32f4xx.c.obj
 .ARM.attributes
                0x00000292       0x21 CMakeFiles/STM_Code.dir/startup_stm32f407xx.s.obj
 .ARM.attributes
                0x000002b3       0x22 C:/ST/STM32CubeCLT_1.17.0/GNU-tools-for-STM32/bin/../lib/gcc/arm-none-eabi/12.3.1/thumb/v7e-m+fp/hard\libgcc.a(_aeabi_uldivmod.o)
 .ARM.attributes
                0x000002d5       0x34 C:/ST/STM32CubeCLT_1.17.0/GNU-tools-for-STM32/bin/../lib/gcc/arm-none-eabi/12.3.1/thumb/v7e-m+fp/hard\libgcc.a(_udivmoddi4.o)
 .ARM.attributes
                0x00000309       0x22 C:/ST/STM32CubeCLT_1.17.0/GNU-tools-for-STM32/bin/../lib/gcc/arm-none-eabi/12.3.1/thumb/v7e-m+fp/hard\libgcc.a(_dvmd_tls.o)
 .ARM.attributes
                0x0000032b       0x22 C:/ST/STM32CubeCLT_1.17.0/GNU-tools-for-STM32/bin/../lib/gcc/arm-none-eabi/12.3.1/thumb/v7e-m+fp/hard/crtn.o

.comment        0x00000000       0x43
 .comment       0x00000000       0x43 CMakeFiles/STM_Code.dir/Core/Src/main.c.obj
                                 0x44 (size before relaxing)
 .comment       0x00000043       0x44 CMakeFiles/STM_Code.dir/Core/Src/stm32f4xx_it.c.obj
 .comment       0x00000043       0x44 CMakeFiles/STM_Code.dir/Core/Src/stm32f4xx_hal_msp.c.obj
 .comment       0x00000043       0x44 CMakeFiles/STM_Code.dir/Drivers/STM32F4xx_HAL_Driver/Src/stm32f4xx_hal_spi.c.obj
 .comment       0x00000043       0x44 CMakeFiles/STM_Code.dir/Drivers/STM32F4xx_HAL_Driver/Src/stm32f4xx_hal_rcc.c.obj
 .comment       0x00000043       0x44 CMakeFiles/STM_Code.dir/Drivers/STM32F4xx_HAL_Driver/Src/stm32f4xx_hal_gpio.c.obj
 .comment       0x00000043       0x44 CMakeFiles/STM_Code.dir/Drivers/STM32F4xx_HAL_Driver/Src/stm32f4xx_hal_cortex.c.obj
 .comment       0x00000043       0x44 CMakeFiles/STM_Code.dir/Drivers/STM32F4xx_HAL_Driver/Src/stm32f4xx_hal.c.obj
 .comment       0x00000043       0x44 CMakeFiles/STM_Code.dir/Core/Src/system_stm32f4xx.c.obj

.debug_frame    0x00000000     0x1730
 .debug_frame   0x00000000       0x20 C:/ST/STM32CubeCLT_1.17.0/GNU-tools-for-STM32/bin/../lib/gcc/arm-none-eabi/12.3.1/../../../../arm-none-eabi/lib/thumb/v7e-m+fp/hard\libc_nano.a(libc_a-memset.o)
 .debug_frame   0x00000020       0x2c C:/ST/STM32CubeCLT_1.17.0/GNU-tools-for-STM32/bin/../lib/gcc/arm-none-eabi/12.3.1/../../../../arm-none-eabi/lib/thumb/v7e-m+fp/hard\libc_nano.a(libc_a-init.o)
 .debug_frame   0x0000004c       0xac CMakeFiles/STM_Code.dir/Core/Src/main.c.obj
 .debug_frame   0x000000f8      0x120 CMakeFiles/STM_Code.dir/Core/Src/stm32f4xx_it.c.obj
 .debug_frame   0x00000218       0x7c CMakeFiles/STM_Code.dir/Core/Src/stm32f4xx_hal_msp.c.obj
 .debug_frame   0x00000294      0x828 CMakeFiles/STM_Code.dir/Drivers/STM32F4xx_HAL_Driver/Src/stm32f4xx_hal_spi.c.obj
 .debug_frame   0x00000abc      0x1f4 CMakeFiles/STM_Code.dir/Drivers/STM32F4xx_HAL_Driver/Src/stm32f4xx_hal_rcc.c.obj
 .debug_frame   0x00000cb0      0x14c CMakeFiles/STM_Code.dir/Drivers/STM32F4xx_HAL_Driver/Src/stm32f4xx_hal_gpio.c.obj
 .debug_frame   0x00000dfc      0x508 CMakeFiles/STM_Code.dir/Drivers/STM32F4xx_HAL_Driver/Src/stm32f4xx_hal_cortex.c.obj
 .debug_frame   0x00001304      0x374 CMakeFiles/STM_Code.dir/Drivers/STM32F4xx_HAL_Driver/Src/stm32f4xx_hal.c.obj
 .debug_frame   0x00001678       0x58 CMakeFiles/STM_Code.dir/Core/Src/system_stm32f4xx.c.obj
 .debug_frame   0x000016d0       0x2c C:/ST/STM32CubeCLT_1.17.0/GNU-tools-for-STM32/bin/../lib/gcc/arm-none-eabi/12.3.1/thumb/v7e-m+fp/hard\libgcc.a(_aeabi_uldivmod.o)
 .debug_frame   0x000016fc       0x34 C:/ST/STM32CubeCLT_1.17.0/GNU-tools-for-STM32/bin/../lib/gcc/arm-none-eabi/12.3.1/thumb/v7e-m+fp/hard\libgcc.a(_udivmoddi4.o)

.debug_info     0x00000000     0x59f9
 .debug_info    0x00000000      0xeb6 CMakeFiles/STM_Code.dir/Core/Src/main.c.obj
 .debug_info    0x00000eb6      0x16e CMakeFiles/STM_Code.dir/Core/Src/stm32f4xx_it.c.obj
 .debug_info    0x00001024      0x92c CMakeFiles/STM_Code.dir/Core/Src/stm32f4xx_hal_msp.c.obj
 .debug_info    0x00001950     0x1525 CMakeFiles/STM_Code.dir/Drivers/STM32F4xx_HAL_Driver/Src/stm32f4xx_hal_spi.c.obj
 .debug_info    0x00002e75      0x8af CMakeFiles/STM_Code.dir/Drivers/STM32F4xx_HAL_Driver/Src/stm32f4xx_hal_rcc.c.obj
 .debug_info    0x00003724      0x6c3 CMakeFiles/STM_Code.dir/Drivers/STM32F4xx_HAL_Driver/Src/stm32f4xx_hal_gpio.c.obj
 .debug_info    0x00003de7      0xd8c CMakeFiles/STM_Code.dir/Drivers/STM32F4xx_HAL_Driver/Src/stm32f4xx_hal_cortex.c.obj
 .debug_info    0x00004b73      0x944 CMakeFiles/STM_Code.dir/Drivers/STM32F4xx_HAL_Driver/Src/stm32f4xx_hal.c.obj
 .debug_info    0x000054b7      0x512 CMakeFiles/STM_Code.dir/Core/Src/system_stm32f4xx.c.obj
 .debug_info    0x000059c9       0x30 CMakeFiles/STM_Code.dir/startup_stm32f407xx.s.obj

.debug_abbrev   0x00000000     0x1271
 .debug_abbrev  0x00000000      0x287 CMakeFiles/STM_Code.dir/Core/Src/main.c.obj
 .debug_abbrev  0x00000287       0xb3 CMakeFiles/STM_Code.dir/Core/Src/stm32f4xx_it.c.obj
 .debug_abbrev  0x0000033a      0x1c3 CMakeFiles/STM_Code.dir/Core/Src/stm32f4xx_hal_msp.c.obj
 .debug_abbrev  0x000004fd      0x27a CMakeFiles/STM_Code.dir/Drivers/STM32F4xx_HAL_Driver/Src/stm32f4xx_hal_spi.c.obj
 .debug_abbrev  0x00000777      0x2b7 CMakeFiles/STM_Code.dir/Drivers/STM32F4xx_HAL_Driver/Src/stm32f4xx_hal_rcc.c.obj
 .debug_abbrev  0x00000a2e      0x1d4 CMakeFiles/STM_Code.dir/Drivers/STM32F4xx_HAL_Driver/Src/stm32f4xx_hal_gpio.c.obj
 .debug_abbrev  0x00000c02      0x31d CMakeFiles/STM_Code.dir/Drivers/STM32F4xx_HAL_Driver/Src/stm32f4xx_hal_cortex.c.obj
 .debug_abbrev  0x00000f1f      0x214 CMakeFiles/STM_Code.dir/Drivers/STM32F4xx_HAL_Driver/Src/stm32f4xx_hal.c.obj
 .debug_abbrev  0x00001133      0x11a CMakeFiles/STM_Code.dir/Core/Src/system_stm32f4xx.c.obj
 .debug_abbrev  0x0000124d       0x24 CMakeFiles/STM_Code.dir/startup_stm32f407xx.s.obj

.debug_aranges  0x00000000      0x5f8
 .debug_aranges
                0x00000000       0x40 CMakeFiles/STM_Code.dir/Core/Src/main.c.obj
 .debug_aranges
                0x00000040       0x68 CMakeFiles/STM_Code.dir/Core/Src/stm32f4xx_it.c.obj
 .debug_aranges
                0x000000a8       0x30 CMakeFiles/STM_Code.dir/Core/Src/stm32f4xx_hal_msp.c.obj
 .debug_aranges
                0x000000d8      0x1d0 CMakeFiles/STM_Code.dir/Drivers/STM32F4xx_HAL_Driver/Src/stm32f4xx_hal_spi.c.obj
 .debug_aranges
                0x000002a8       0x88 CMakeFiles/STM_Code.dir/Drivers/STM32F4xx_HAL_Driver/Src/stm32f4xx_hal_rcc.c.obj
 .debug_aranges
                0x00000330       0x58 CMakeFiles/STM_Code.dir/Drivers/STM32F4xx_HAL_Driver/Src/stm32f4xx_hal_gpio.c.obj
 .debug_aranges
                0x00000388      0x130 CMakeFiles/STM_Code.dir/Drivers/STM32F4xx_HAL_Driver/Src/stm32f4xx_hal_cortex.c.obj
 .debug_aranges
                0x000004b8       0xf0 CMakeFiles/STM_Code.dir/Drivers/STM32F4xx_HAL_Driver/Src/stm32f4xx_hal.c.obj
 .debug_aranges
                0x000005a8       0x28 CMakeFiles/STM_Code.dir/Core/Src/system_stm32f4xx.c.obj
 .debug_aranges
                0x000005d0       0x28 CMakeFiles/STM_Code.dir/startup_stm32f407xx.s.obj

.debug_rnglists
                0x00000000      0x46c
 .debug_rnglists
                0x00000000       0x2d CMakeFiles/STM_Code.dir/Core/Src/main.c.obj
 .debug_rnglists
                0x0000002d       0x49 CMakeFiles/STM_Code.dir/Core/Src/stm32f4xx_it.c.obj
 .debug_rnglists
                0x00000076       0x20 CMakeFiles/STM_Code.dir/Core/Src/stm32f4xx_hal_msp.c.obj
 .debug_rnglists
                0x00000096      0x16f CMakeFiles/STM_Code.dir/Drivers/STM32F4xx_HAL_Driver/Src/stm32f4xx_hal_spi.c.obj
 .debug_rnglists
                0x00000205       0x66 CMakeFiles/STM_Code.dir/Drivers/STM32F4xx_HAL_Driver/Src/stm32f4xx_hal_rcc.c.obj
 .debug_rnglists
                0x0000026b       0x3f CMakeFiles/STM_Code.dir/Drivers/STM32F4xx_HAL_Driver/Src/stm32f4xx_hal_gpio.c.obj
 .debug_rnglists
                0x000002aa       0xe0 CMakeFiles/STM_Code.dir/Drivers/STM32F4xx_HAL_Driver/Src/stm32f4xx_hal_cortex.c.obj
 .debug_rnglists
                0x0000038a       0xaf CMakeFiles/STM_Code.dir/Drivers/STM32F4xx_HAL_Driver/Src/stm32f4xx_hal.c.obj
 .debug_rnglists
                0x00000439       0x1a CMakeFiles/STM_Code.dir/Core/Src/system_stm32f4xx.c.obj
 .debug_rnglists
                0x00000453       0x19 CMakeFiles/STM_Code.dir/startup_stm32f407xx.s.obj

.debug_macro    0x00000000    0x1f3ac
 .debug_macro   0x00000000      0x1c9 CMakeFiles/STM_Code.dir/Core/Src/main.c.obj
 .debug_macro   0x000001c9      0xab4 CMakeFiles/STM_Code.dir/Core/Src/main.c.obj
 .debug_macro   0x00000c7d      0x295 CMakeFiles/STM_Code.dir/Core/Src/main.c.obj
 .debug_macro   0x00000f12       0x2e CMakeFiles/STM_Code.dir/Core/Src/main.c.obj
 .debug_macro   0x00000f40       0x2f CMakeFiles/STM_Code.dir/Core/Src/main.c.obj
 .debug_macro   0x00000f6f       0x22 CMakeFiles/STM_Code.dir/Core/Src/main.c.obj
 .debug_macro   0x00000f91       0x8e CMakeFiles/STM_Code.dir/Core/Src/main.c.obj
 .debug_macro   0x0000101f       0x51 CMakeFiles/STM_Code.dir/Core/Src/main.c.obj
 .debug_macro   0x00001070      0x103 CMakeFiles/STM_Code.dir/Core/Src/main.c.obj
 .debug_macro   0x00001173       0x6a CMakeFiles/STM_Code.dir/Core/Src/main.c.obj
 .debug_macro   0x000011dd      0x1df CMakeFiles/STM_Code.dir/Core/Src/main.c.obj
 .debug_macro   0x000013bc       0x1c CMakeFiles/STM_Code.dir/Core/Src/main.c.obj
 .debug_macro   0x000013d8       0x22 CMakeFiles/STM_Code.dir/Core/Src/main.c.obj
 .debug_macro   0x000013fa       0xfb CMakeFiles/STM_Code.dir/Core/Src/main.c.obj
 .debug_macro   0x000014f5     0x1011 CMakeFiles/STM_Code.dir/Core/Src/main.c.obj
 .debug_macro   0x00002506      0x11f CMakeFiles/STM_Code.dir/Core/Src/main.c.obj
 .debug_macro   0x00002625    0x15e97 CMakeFiles/STM_Code.dir/Core/Src/main.c.obj
 .debug_macro   0x000184bc       0x6d CMakeFiles/STM_Code.dir/Core/Src/main.c.obj
 .debug_macro   0x00018529     0x369a CMakeFiles/STM_Code.dir/Core/Src/main.c.obj
 .debug_macro   0x0001bbc3      0x189 CMakeFiles/STM_Code.dir/Core/Src/main.c.obj
 .debug_macro   0x0001bd4c       0x5c CMakeFiles/STM_Code.dir/Core/Src/main.c.obj
 .debug_macro   0x0001bda8      0x980 CMakeFiles/STM_Code.dir/Core/Src/main.c.obj
 .debug_macro   0x0001c728      0x9e9 CMakeFiles/STM_Code.dir/Core/Src/main.c.obj
 .debug_macro   0x0001d111      0x115 CMakeFiles/STM_Code.dir/Core/Src/main.c.obj
 .debug_macro   0x0001d226      0x13e CMakeFiles/STM_Code.dir/Core/Src/main.c.obj
 .debug_macro   0x0001d364       0xa5 CMakeFiles/STM_Code.dir/Core/Src/main.c.obj
 .debug_macro   0x0001d409      0x174 CMakeFiles/STM_Code.dir/Core/Src/main.c.obj
 .debug_macro   0x0001d57d      0x287 CMakeFiles/STM_Code.dir/Core/Src/main.c.obj
 .debug_macro   0x0001d804       0x5f CMakeFiles/STM_Code.dir/Core/Src/main.c.obj
 .debug_macro   0x0001d863      0x236 CMakeFiles/STM_Code.dir/Core/Src/main.c.obj
 .debug_macro   0x0001da99      0x12c CMakeFiles/STM_Code.dir/Core/Src/main.c.obj
 .debug_macro   0x0001dbc5      0x21e CMakeFiles/STM_Code.dir/Core/Src/main.c.obj
 .debug_macro   0x0001dde3       0x2e CMakeFiles/STM_Code.dir/Core/Src/main.c.obj
 .debug_macro   0x0001de11      0x127 CMakeFiles/STM_Code.dir/Core/Src/main.c.obj
 .debug_macro   0x0001df38       0x7e CMakeFiles/STM_Code.dir/Core/Src/main.c.obj
 .debug_macro   0x0001dfb6       0x89 CMakeFiles/STM_Code.dir/Core/Src/main.c.obj
 .debug_macro   0x0001e03f      0x225 CMakeFiles/STM_Code.dir/Core/Src/main.c.obj
 .debug_macro   0x0001e264      0x12d CMakeFiles/STM_Code.dir/Core/Src/main.c.obj
 .debug_macro   0x0001e391      0x18a CMakeFiles/STM_Code.dir/Core/Src/main.c.obj
 .debug_macro   0x0001e51b      0x1d3 CMakeFiles/STM_Code.dir/Core/Src/stm32f4xx_it.c.obj
 .debug_macro   0x0001e6ee      0x1c9 CMakeFiles/STM_Code.dir/Core/Src/stm32f4xx_hal_msp.c.obj
 .debug_macro   0x0001e8b7      0x1c9 CMakeFiles/STM_Code.dir/Drivers/STM32F4xx_HAL_Driver/Src/stm32f4xx_hal_spi.c.obj
 .debug_macro   0x0001ea80      0x1de CMakeFiles/STM_Code.dir/Drivers/STM32F4xx_HAL_Driver/Src/stm32f4xx_hal_rcc.c.obj
 .debug_macro   0x0001ec5e      0x1c0 CMakeFiles/STM_Code.dir/Drivers/STM32F4xx_HAL_Driver/Src/stm32f4xx_hal_gpio.c.obj
 .debug_macro   0x0001ee1e      0x1ba CMakeFiles/STM_Code.dir/Drivers/STM32F4xx_HAL_Driver/Src/stm32f4xx_hal_cortex.c.obj
 .debug_macro   0x0001efd8      0x21a CMakeFiles/STM_Code.dir/Drivers/STM32F4xx_HAL_Driver/Src/stm32f4xx_hal.c.obj
 .debug_macro   0x0001f1f2      0x1ba CMakeFiles/STM_Code.dir/Core/Src/system_stm32f4xx.c.obj

.debug_line     0x00000000     0x724c
 .debug_line    0x00000000      0x934 CMakeFiles/STM_Code.dir/Core/Src/main.c.obj
 .debug_line    0x00000934      0x880 CMakeFiles/STM_Code.dir/Core/Src/stm32f4xx_it.c.obj
 .debug_line    0x000011b4      0x800 CMakeFiles/STM_Code.dir/Core/Src/stm32f4xx_hal_msp.c.obj
 .debug_line    0x000019b4     0x1dae CMakeFiles/STM_Code.dir/Drivers/STM32F4xx_HAL_Driver/Src/stm32f4xx_hal_spi.c.obj
 .debug_line    0x00003762      0xe1b CMakeFiles/STM_Code.dir/Drivers/STM32F4xx_HAL_Driver/Src/stm32f4xx_hal_rcc.c.obj
 .debug_line    0x0000457d      0xc1c CMakeFiles/STM_Code.dir/Drivers/STM32F4xx_HAL_Driver/Src/stm32f4xx_hal_gpio.c.obj
 .debug_line    0x00005199      0xd82 CMakeFiles/STM_Code.dir/Drivers/STM32F4xx_HAL_Driver/Src/stm32f4xx_hal_cortex.c.obj
 .debug_line    0x00005f1b      0xa90 CMakeFiles/STM_Code.dir/Drivers/STM32F4xx_HAL_Driver/Src/stm32f4xx_hal.c.obj
 .debug_line    0x000069ab      0x827 CMakeFiles/STM_Code.dir/Core/Src/system_stm32f4xx.c.obj
 .debug_line    0x000071d2       0x7a CMakeFiles/STM_Code.dir/startup_stm32f407xx.s.obj

.debug_str      0x00000000    0xbebac
 .debug_str     0x00000000    0xbd481 CMakeFiles/STM_Code.dir/Core/Src/main.c.obj
                              0xbd789 (size before relaxing)
 .debug_str     0x000bd481      0x13a CMakeFiles/STM_Code.dir/Core/Src/stm32f4xx_it.c.obj
                              0xbcb4a (size before relaxing)
 .debug_str     0x000bd5bb       0xc7 CMakeFiles/STM_Code.dir/Core/Src/stm32f4xx_hal_msp.c.obj
                              0xbd080 (size before relaxing)
 .debug_str     0x000bd682      0x60a CMakeFiles/STM_Code.dir/Drivers/STM32F4xx_HAL_Driver/Src/stm32f4xx_hal_spi.c.obj
                              0xbce88 (size before relaxing)
 .debug_str     0x000bdc8c      0x2d7 CMakeFiles/STM_Code.dir/Drivers/STM32F4xx_HAL_Driver/Src/stm32f4xx_hal_rcc.c.obj
                              0xbc9fe (size before relaxing)
 .debug_str     0x000bdf63      0x13c CMakeFiles/STM_Code.dir/Drivers/STM32F4xx_HAL_Driver/Src/stm32f4xx_hal_gpio.c.obj
                              0xbc745 (size before relaxing)
 .debug_str     0x000be09f      0x445 CMakeFiles/STM_Code.dir/Drivers/STM32F4xx_HAL_Driver/Src/stm32f4xx_hal_cortex.c.obj
                              0xbceca (size before relaxing)
 .debug_str     0x000be4e4      0x5bb CMakeFiles/STM_Code.dir/Drivers/STM32F4xx_HAL_Driver/Src/stm32f4xx_hal.c.obj
                              0xbd14e (size before relaxing)
 .debug_str     0x000bea9f       0x91 CMakeFiles/STM_Code.dir/Core/Src/system_stm32f4xx.c.obj
                              0xbc5ca (size before relaxing)
 .debug_str     0x000beb30       0x7c CMakeFiles/STM_Code.dir/startup_stm32f407xx.s.obj
                                 0xd2 (size before relaxing)

.debug_line_str
                0x00000000       0xb6
 .debug_line_str
                0x00000000       0xb6 CMakeFiles/STM_Code.dir/startup_stm32f407xx.s.obj
